[0;34mRunning: XOR | Block=1024 KB | Threads=128 | Blocks=0 | Tasks=1[0m
==================================================
G-CRSPCIE GPU Tensor Zero-Copy Encoding Tests
==================================================
Configuration:
  k (data blocks):        2
  m (parity blocks):      2
  w (Galois field width): 4
  block_size:            1024 KB (1048576 bytes)
  task_num:              1
  threads_per_block:     128
  blocks_per_grid:       auto-calculate

Found 8 CUDA device(s)
Using device: NVIDIA A800-SXM4-80GB


[Test 4] XOR Operation Test
---------------------------
✓ Configuration: k=2, block_size=1024 KB
✓ GPU memory allocated (input=2048 KB, output=1024 KB)
✓ GPU input data prepared (2097152 bytes)
✓ CUDA config: threads_per_block=128, blocks_per_grid=1024
Running warm-up...
Running XOR operation (10 iterations)...
✓ XOR operation completed successfully
  Average time (10 iterations): 0.008 ms
  Throughput: 235316.28 MB/s
  Note: XOR is simpler than EC encoding, should be faster!
  WARNING: XOR result is all zeros (inputs might be identical)

==================================================
Test Summary: 1/1 tests passed
==================================================
[0;34mRunning: EC | Block=1024 KB | Threads=128 | Blocks=0 | Tasks=1[0m
==================================================
G-CRSPCIE GPU Tensor Zero-Copy Encoding Tests
==================================================
Configuration:
  k (data blocks):        2
  m (parity blocks):      1
  w (Galois field width): 8
  block_size:            1024 KB (1048576 bytes)
  task_num:              1
  threads_per_block:     128
  blocks_per_grid:       auto-calculate

Found 8 CUDA device(s)
Using device: NVIDIA A800-SXM4-80GB


[Test 2] GPU Tensor -> GPU Encoding -> GPU Tensor (Zero-Copy Mode)
-------------------------------------------------------------------
✓ Worker initialized: k=2, m=1, w=8, block_size=1024 KB
✓ CUDA config: threads_per_block=128, blocks_per_grid=1024
✓ GPU memory allocated (aligned: input=2048 KB, output=1024 KB)
✓ GPU input data prepared (2097152 bytes)
✓ Zero-copy mode enabled (no H2D/D2H transfers)
Running encoding (zero-copy mode)...
✓ Zero-copy encoding completed successfully
  Encoding time: 0.063 ms
  Throughput: 31746.03 MB/s
  Note: Zero-copy mode eliminates PCIe transfer overhead!

==================================================
Test Summary: 1/1 tests passed
==================================================
[0;34mRunning: XOR | Block=2048 KB | Threads=128 | Blocks=0 | Tasks=1[0m
==================================================
G-CRSPCIE GPU Tensor Zero-Copy Encoding Tests
==================================================
Configuration:
  k (data blocks):        2
  m (parity blocks):      2
  w (Galois field width): 4
  block_size:            2048 KB (2097152 bytes)
  task_num:              1
  threads_per_block:     128
  blocks_per_grid:       auto-calculate

Found 8 CUDA device(s)
Using device: NVIDIA A800-SXM4-80GB


[Test 4] XOR Operation Test
---------------------------
✓ Configuration: k=2, block_size=2048 KB
✓ GPU memory allocated (input=4096 KB, output=2048 KB)
✓ GPU input data prepared (4194304 bytes)
✓ CUDA config: threads_per_block=128, blocks_per_grid=2048
Running warm-up...
Running XOR operation (10 iterations)...
✓ XOR operation completed successfully
  Average time (10 iterations): 0.010 ms
  Throughput: 420026.85 MB/s
  Note: XOR is simpler than EC encoding, should be faster!
  WARNING: XOR result is all zeros (inputs might be identical)

==================================================
Test Summary: 1/1 tests passed
==================================================
[0;34mRunning: EC | Block=2048 KB | Threads=128 | Blocks=0 | Tasks=1[0m
==================================================
G-CRSPCIE GPU Tensor Zero-Copy Encoding Tests
==================================================
Configuration:
  k (data blocks):        2
  m (parity blocks):      1
  w (Galois field width): 8
  block_size:            2048 KB (2097152 bytes)
  task_num:              1
  threads_per_block:     128
  blocks_per_grid:       auto-calculate

Found 8 CUDA device(s)
Using device: NVIDIA A800-SXM4-80GB


[Test 2] GPU Tensor -> GPU Encoding -> GPU Tensor (Zero-Copy Mode)
-------------------------------------------------------------------
✓ Worker initialized: k=2, m=1, w=8, block_size=2048 KB
✓ CUDA config: threads_per_block=128, blocks_per_grid=2048
✓ GPU memory allocated (aligned: input=4096 KB, output=2048 KB)
✓ GPU input data prepared (4194304 bytes)
✓ Zero-copy mode enabled (no H2D/D2H transfers)
Running encoding (zero-copy mode)...
✓ Zero-copy encoding completed successfully
  Encoding time: 0.062 ms
  Throughput: 64516.13 MB/s
  Note: Zero-copy mode eliminates PCIe transfer overhead!

==================================================
Test Summary: 1/1 tests passed
==================================================
[0;34mRunning: XOR | Block=4096 KB | Threads=128 | Blocks=0 | Tasks=1[0m
==================================================
G-CRSPCIE GPU Tensor Zero-Copy Encoding Tests
==================================================
Configuration:
  k (data blocks):        2
  m (parity blocks):      2
  w (Galois field width): 4
  block_size:            4096 KB (4194304 bytes)
  task_num:              1
  threads_per_block:     128
  blocks_per_grid:       auto-calculate

Found 8 CUDA device(s)
Using device: NVIDIA A800-SXM4-80GB


[Test 4] XOR Operation Test
---------------------------
✓ Configuration: k=2, block_size=4096 KB
✓ GPU memory allocated (input=8192 KB, output=4096 KB)
✓ GPU input data prepared (8388608 bytes)
✓ CUDA config: threads_per_block=128, blocks_per_grid=4096
Running warm-up...
Running XOR operation (10 iterations)...
✓ XOR operation completed successfully
  Average time (10 iterations): 0.011 ms
  Throughput: 697544.66 MB/s
  Note: XOR is simpler than EC encoding, should be faster!
  WARNING: XOR result is all zeros (inputs might be identical)

==================================================
Test Summary: 1/1 tests passed
==================================================
[0;34mRunning: EC | Block=4096 KB | Threads=128 | Blocks=0 | Tasks=1[0m
==================================================
G-CRSPCIE GPU Tensor Zero-Copy Encoding Tests
==================================================
Configuration:
  k (data blocks):        2
  m (parity blocks):      1
  w (Galois field width): 8
  block_size:            4096 KB (4194304 bytes)
  task_num:              1
  threads_per_block:     128
  blocks_per_grid:       auto-calculate

Found 8 CUDA device(s)
Using device: NVIDIA A800-SXM4-80GB


[Test 2] GPU Tensor -> GPU Encoding -> GPU Tensor (Zero-Copy Mode)
-------------------------------------------------------------------
✓ Worker initialized: k=2, m=1, w=8, block_size=4096 KB
✓ CUDA config: threads_per_block=128, blocks_per_grid=4096
✓ GPU memory allocated (aligned: input=8192 KB, output=4096 KB)
✓ GPU input data prepared (8388608 bytes)
✓ Zero-copy mode enabled (no H2D/D2H transfers)
Running encoding (zero-copy mode)...
✓ Zero-copy encoding completed successfully
  Encoding time: 0.068 ms
  Throughput: 117647.06 MB/s
  Note: Zero-copy mode eliminates PCIe transfer overhead!

==================================================
Test Summary: 1/1 tests passed
==================================================
[0;34mRunning: XOR | Block=8192 KB | Threads=128 | Blocks=0 | Tasks=1[0m
==================================================
G-CRSPCIE GPU Tensor Zero-Copy Encoding Tests
==================================================
Configuration:
  k (data blocks):        2
  m (parity blocks):      2
  w (Galois field width): 4
  block_size:            8192 KB (8388608 bytes)
  task_num:              1
  threads_per_block:     128
  blocks_per_grid:       auto-calculate

Found 8 CUDA device(s)
Using device: NVIDIA A800-SXM4-80GB


[Test 4] XOR Operation Test
---------------------------
✓ Configuration: k=2, block_size=8192 KB
✓ GPU memory allocated (input=16384 KB, output=8192 KB)
✓ GPU input data prepared (16777216 bytes)
✓ CUDA config: threads_per_block=128, blocks_per_grid=8192
Running warm-up...
Running XOR operation (10 iterations)...
✓ XOR operation completed successfully
  Average time (10 iterations): 0.016 ms
  Throughput: 1014610.45 MB/s
  Note: XOR is simpler than EC encoding, should be faster!
  WARNING: XOR result is all zeros (inputs might be identical)

==================================================
Test Summary: 1/1 tests passed
==================================================
[0;34mRunning: EC | Block=8192 KB | Threads=128 | Blocks=0 | Tasks=1[0m
==================================================
G-CRSPCIE GPU Tensor Zero-Copy Encoding Tests
==================================================
Configuration:
  k (data blocks):        2
  m (parity blocks):      1
  w (Galois field width): 8
  block_size:            8192 KB (8388608 bytes)
  task_num:              1
  threads_per_block:     128
  blocks_per_grid:       auto-calculate

Found 8 CUDA device(s)
Using device: NVIDIA A800-SXM4-80GB


[Test 2] GPU Tensor -> GPU Encoding -> GPU Tensor (Zero-Copy Mode)
-------------------------------------------------------------------
✓ Worker initialized: k=2, m=1, w=8, block_size=8192 KB
✓ CUDA config: threads_per_block=128, blocks_per_grid=8192
✓ GPU memory allocated (aligned: input=16384 KB, output=8192 KB)
✓ GPU input data prepared (16777216 bytes)
✓ Zero-copy mode enabled (no H2D/D2H transfers)
Running encoding (zero-copy mode)...
✓ Zero-copy encoding completed successfully
  Encoding time: 0.078 ms
  Throughput: 205128.21 MB/s
  Note: Zero-copy mode eliminates PCIe transfer overhead!

==================================================
Test Summary: 1/1 tests passed
==================================================
[0;34mRunning: XOR | Block=16384 KB | Threads=128 | Blocks=0 | Tasks=1[0m
==================================================
G-CRSPCIE GPU Tensor Zero-Copy Encoding Tests
==================================================
Configuration:
  k (data blocks):        2
  m (parity blocks):      2
  w (Galois field width): 4
  block_size:            16384 KB (16777216 bytes)
  task_num:              1
  threads_per_block:     128
  blocks_per_grid:       auto-calculate

Found 8 CUDA device(s)
Using device: NVIDIA A800-SXM4-80GB


[Test 4] XOR Operation Test
---------------------------
✓ Configuration: k=2, block_size=16384 KB
✓ GPU memory allocated (input=32768 KB, output=16384 KB)
✓ GPU input data prepared (33554432 bytes)
✓ CUDA config: threads_per_block=128, blocks_per_grid=16384
Running warm-up...
Running XOR operation (10 iterations)...
✓ XOR operation completed successfully
  Average time (10 iterations): 0.037 ms
  Throughput: 875350.08 MB/s
  Note: XOR is simpler than EC encoding, should be faster!
  WARNING: XOR result is all zeros (inputs might be identical)

==================================================
Test Summary: 1/1 tests passed
==================================================
[0;34mRunning: EC | Block=16384 KB | Threads=128 | Blocks=0 | Tasks=1[0m
==================================================
G-CRSPCIE GPU Tensor Zero-Copy Encoding Tests
==================================================
Configuration:
  k (data blocks):        2
  m (parity blocks):      1
  w (Galois field width): 8
  block_size:            16384 KB (16777216 bytes)
  task_num:              1
  threads_per_block:     128
  blocks_per_grid:       auto-calculate

Found 8 CUDA device(s)
Using device: NVIDIA A800-SXM4-80GB


[Test 2] GPU Tensor -> GPU Encoding -> GPU Tensor (Zero-Copy Mode)
-------------------------------------------------------------------
✓ Worker initialized: k=2, m=1, w=8, block_size=16384 KB
✓ CUDA config: threads_per_block=128, blocks_per_grid=16384
✓ GPU memory allocated (aligned: input=32768 KB, output=16384 KB)
✓ GPU input data prepared (33554432 bytes)
✓ Zero-copy mode enabled (no H2D/D2H transfers)
Running encoding (zero-copy mode)...
✓ Zero-copy encoding completed successfully
  Encoding time: 0.140 ms
  Throughput: 228571.43 MB/s
  Note: Zero-copy mode eliminates PCIe transfer overhead!

==================================================
Test Summary: 1/1 tests passed
==================================================
[0;34mRunning: XOR | Block=32768 KB | Threads=128 | Blocks=0 | Tasks=1[0m
==================================================
G-CRSPCIE GPU Tensor Zero-Copy Encoding Tests
==================================================
Configuration:
  k (data blocks):        2
  m (parity blocks):      2
  w (Galois field width): 4
  block_size:            32768 KB (33554432 bytes)
  task_num:              1
  threads_per_block:     128
  blocks_per_grid:       auto-calculate

Found 8 CUDA device(s)
Using device: NVIDIA A800-SXM4-80GB


[Test 4] XOR Operation Test
---------------------------
✓ Configuration: k=2, block_size=32768 KB
✓ GPU memory allocated (input=65536 KB, output=32768 KB)
✓ GPU input data prepared (67108864 bytes)
✓ CUDA config: threads_per_block=128, blocks_per_grid=32768
Running warm-up...
Running XOR operation (10 iterations)...
✓ XOR operation completed successfully
  Average time (10 iterations): 0.066 ms
  Throughput: 975038.99 MB/s
  Note: XOR is simpler than EC encoding, should be faster!
  WARNING: XOR result is all zeros (inputs might be identical)

==================================================
Test Summary: 1/1 tests passed
==================================================
[0;34mRunning: EC | Block=32768 KB | Threads=128 | Blocks=0 | Tasks=1[0m
==================================================
G-CRSPCIE GPU Tensor Zero-Copy Encoding Tests
==================================================
Configuration:
  k (data blocks):        2
  m (parity blocks):      1
  w (Galois field width): 8
  block_size:            32768 KB (33554432 bytes)
  task_num:              1
  threads_per_block:     128
  blocks_per_grid:       auto-calculate

Found 8 CUDA device(s)
Using device: NVIDIA A800-SXM4-80GB


[Test 2] GPU Tensor -> GPU Encoding -> GPU Tensor (Zero-Copy Mode)
-------------------------------------------------------------------
✓ Worker initialized: k=2, m=1, w=8, block_size=32768 KB
✓ CUDA config: threads_per_block=128, blocks_per_grid=32768
✓ GPU memory allocated (aligned: input=65536 KB, output=32768 KB)
✓ GPU input data prepared (67108864 bytes)
✓ Zero-copy mode enabled (no H2D/D2H transfers)
Running encoding (zero-copy mode)...
✓ Zero-copy encoding completed successfully
  Encoding time: 0.177 ms
  Throughput: 361581.92 MB/s
  Note: Zero-copy mode eliminates PCIe transfer overhead!

==================================================
Test Summary: 1/1 tests passed
==================================================
[0;34mRunning: XOR | Block=65536 KB | Threads=128 | Blocks=0 | Tasks=1[0m
==================================================
G-CRSPCIE GPU Tensor Zero-Copy Encoding Tests
==================================================
Configuration:
  k (data blocks):        2
  m (parity blocks):      2
  w (Galois field width): 4
  block_size:            65536 KB (67108864 bytes)
  task_num:              1
  threads_per_block:     128
  blocks_per_grid:       auto-calculate

Found 8 CUDA device(s)
Using device: NVIDIA A800-SXM4-80GB


[Test 4] XOR Operation Test
---------------------------
✓ Configuration: k=2, block_size=65536 KB
✓ GPU memory allocated (input=131072 KB, output=65536 KB)
✓ GPU input data prepared (134217728 bytes)
✓ CUDA config: threads_per_block=128, blocks_per_grid=65536
Running warm-up...
Running XOR operation (10 iterations)...
✓ XOR operation completed successfully
  Average time (10 iterations): 0.122 ms
  Throughput: 1047778.72 MB/s
  Note: XOR is simpler than EC encoding, should be faster!
  WARNING: XOR result is all zeros (inputs might be identical)

==================================================
Test Summary: 1/1 tests passed
==================================================
[0;34mRunning: EC | Block=65536 KB | Threads=128 | Blocks=0 | Tasks=1[0m
==================================================
G-CRSPCIE GPU Tensor Zero-Copy Encoding Tests
==================================================
Configuration:
  k (data blocks):        2
  m (parity blocks):      1
  w (Galois field width): 8
  block_size:            65536 KB (67108864 bytes)
  task_num:              1
  threads_per_block:     128
  blocks_per_grid:       auto-calculate

Found 8 CUDA device(s)
Using device: NVIDIA A800-SXM4-80GB


[Test 2] GPU Tensor -> GPU Encoding -> GPU Tensor (Zero-Copy Mode)
-------------------------------------------------------------------
✓ Worker initialized: k=2, m=1, w=8, block_size=65536 KB
✓ CUDA config: threads_per_block=128, blocks_per_grid=65536
✓ GPU memory allocated (aligned: input=131072 KB, output=65536 KB)
✓ GPU input data prepared (134217728 bytes)
✓ Zero-copy mode enabled (no H2D/D2H transfers)
Running encoding (zero-copy mode)...
✓ Zero-copy encoding completed successfully
  Encoding time: 0.251 ms
  Throughput: 509960.16 MB/s
  Note: Zero-copy mode eliminates PCIe transfer overhead!

==================================================
Test Summary: 1/1 tests passed
==================================================
[0;34mRunning: XOR | Block=131072 KB | Threads=128 | Blocks=0 | Tasks=1[0m
==================================================
G-CRSPCIE GPU Tensor Zero-Copy Encoding Tests
==================================================
Configuration:
  k (data blocks):        2
  m (parity blocks):      2
  w (Galois field width): 4
  block_size:            131072 KB (134217728 bytes)
  task_num:              1
  threads_per_block:     128
  blocks_per_grid:       auto-calculate

Found 8 CUDA device(s)
Using device: NVIDIA A800-SXM4-80GB


[Test 4] XOR Operation Test
---------------------------
✓ Configuration: k=2, block_size=131072 KB
✓ GPU memory allocated (input=262144 KB, output=131072 KB)
✓ GPU input data prepared (268435456 bytes)
✓ CUDA config: threads_per_block=128, blocks_per_grid=131072
Running warm-up...
Running XOR operation (10 iterations)...
✓ XOR operation completed successfully
  Average time (10 iterations): 0.235 ms
  Throughput: 1090274.75 MB/s
  Note: XOR is simpler than EC encoding, should be faster!
  WARNING: XOR result is all zeros (inputs might be identical)

==================================================
Test Summary: 1/1 tests passed
==================================================
[0;34mRunning: EC | Block=131072 KB | Threads=128 | Blocks=0 | Tasks=1[0m
==================================================
G-CRSPCIE GPU Tensor Zero-Copy Encoding Tests
==================================================
Configuration:
  k (data blocks):        2
  m (parity blocks):      1
  w (Galois field width): 8
  block_size:            131072 KB (134217728 bytes)
  task_num:              1
  threads_per_block:     128
  blocks_per_grid:       auto-calculate

Found 8 CUDA device(s)
Using device: NVIDIA A800-SXM4-80GB


[Test 2] GPU Tensor -> GPU Encoding -> GPU Tensor (Zero-Copy Mode)
-------------------------------------------------------------------
✓ Worker initialized: k=2, m=1, w=8, block_size=131072 KB
✓ CUDA config: threads_per_block=128, blocks_per_grid=131072
✓ GPU memory allocated (aligned: input=262144 KB, output=131072 KB)
✓ GPU input data prepared (268435456 bytes)
✓ Zero-copy mode enabled (no H2D/D2H transfers)
Running encoding (zero-copy mode)...
✓ Zero-copy encoding completed successfully
  Encoding time: 0.369 ms
  Throughput: 693766.94 MB/s
  Note: Zero-copy mode eliminates PCIe transfer overhead!

==================================================
Test Summary: 1/1 tests passed
==================================================
[0;34mRunning: XOR | Block=262144 KB | Threads=128 | Blocks=0 | Tasks=1[0m
==================================================
G-CRSPCIE GPU Tensor Zero-Copy Encoding Tests
==================================================
Configuration:
  k (data blocks):        2
  m (parity blocks):      2
  w (Galois field width): 4
  block_size:            262144 KB (268435456 bytes)
  task_num:              1
  threads_per_block:     128
  blocks_per_grid:       auto-calculate

Found 8 CUDA device(s)
Using device: NVIDIA A800-SXM4-80GB


[Test 4] XOR Operation Test
---------------------------
✓ Configuration: k=2, block_size=262144 KB
✓ GPU memory allocated (input=524288 KB, output=262144 KB)
✓ GPU input data prepared (536870912 bytes)
✓ CUDA config: threads_per_block=128, blocks_per_grid=262144
Running warm-up...
Running XOR operation (10 iterations)...
✓ XOR operation completed successfully
  Average time (10 iterations): 0.459 ms
  Throughput: 1115075.80 MB/s
  Note: XOR is simpler than EC encoding, should be faster!
  WARNING: XOR result is all zeros (inputs might be identical)

==================================================
Test Summary: 1/1 tests passed
==================================================
[0;34mRunning: EC | Block=262144 KB | Threads=128 | Blocks=0 | Tasks=1[0m
==================================================
G-CRSPCIE GPU Tensor Zero-Copy Encoding Tests
==================================================
Configuration:
  k (data blocks):        2
  m (parity blocks):      1
  w (Galois field width): 8
  block_size:            262144 KB (268435456 bytes)
  task_num:              1
  threads_per_block:     128
  blocks_per_grid:       auto-calculate

Found 8 CUDA device(s)
Using device: NVIDIA A800-SXM4-80GB


[Test 2] GPU Tensor -> GPU Encoding -> GPU Tensor (Zero-Copy Mode)
-------------------------------------------------------------------
✓ Worker initialized: k=2, m=1, w=8, block_size=262144 KB
✓ CUDA config: threads_per_block=128, blocks_per_grid=262144
✓ GPU memory allocated (aligned: input=524288 KB, output=262144 KB)
✓ GPU input data prepared (536870912 bytes)
✓ Zero-copy mode enabled (no H2D/D2H transfers)
Running encoding (zero-copy mode)...
✓ Zero-copy encoding completed successfully
  Encoding time: 0.633 ms
  Throughput: 808846.76 MB/s
  Note: Zero-copy mode eliminates PCIe transfer overhead!

==================================================
Test Summary: 1/1 tests passed
==================================================
[0;34mRunning: XOR | Block=524288 KB | Threads=128 | Blocks=0 | Tasks=1[0m
==================================================
G-CRSPCIE GPU Tensor Zero-Copy Encoding Tests
==================================================
Configuration:
  k (data blocks):        2
  m (parity blocks):      2
  w (Galois field width): 4
  block_size:            524288 KB (536870912 bytes)
  task_num:              1
  threads_per_block:     128
  blocks_per_grid:       auto-calculate

Found 8 CUDA device(s)
Using device: NVIDIA A800-SXM4-80GB


[Test 4] XOR Operation Test
---------------------------
✓ Configuration: k=2, block_size=524288 KB
✓ GPU memory allocated (input=1048576 KB, output=524288 KB)
✓ GPU input data prepared (1073741824 bytes)
✓ CUDA config: threads_per_block=128, blocks_per_grid=524288
Running warm-up...
Running XOR operation (10 iterations)...
✓ XOR operation completed successfully
  Average time (10 iterations): 0.911 ms
  Throughput: 1124606.44 MB/s
  Note: XOR is simpler than EC encoding, should be faster!
  WARNING: XOR result is all zeros (inputs might be identical)

==================================================
Test Summary: 1/1 tests passed
==================================================
[0;34mRunning: EC | Block=524288 KB | Threads=128 | Blocks=0 | Tasks=1[0m
==================================================
G-CRSPCIE GPU Tensor Zero-Copy Encoding Tests
==================================================
Configuration:
  k (data blocks):        2
  m (parity blocks):      1
  w (Galois field width): 8
  block_size:            524288 KB (536870912 bytes)
  task_num:              1
  threads_per_block:     128
  blocks_per_grid:       auto-calculate

Found 8 CUDA device(s)
Using device: NVIDIA A800-SXM4-80GB


[Test 2] GPU Tensor -> GPU Encoding -> GPU Tensor (Zero-Copy Mode)
-------------------------------------------------------------------
✓ Worker initialized: k=2, m=1, w=8, block_size=524288 KB
✓ CUDA config: threads_per_block=128, blocks_per_grid=524288
✓ GPU memory allocated (aligned: input=1048576 KB, output=524288 KB)
✓ GPU input data prepared (1073741824 bytes)
✓ Zero-copy mode enabled (no H2D/D2H transfers)
Running encoding (zero-copy mode)...
✓ Zero-copy encoding completed successfully
  Encoding time: 1.161 ms
  Throughput: 881998.28 MB/s
  Note: Zero-copy mode eliminates PCIe transfer overhead!

==================================================
Test Summary: 1/1 tests passed
==================================================
[0;34mRunning: XOR | Block=1048576 KB | Threads=128 | Blocks=0 | Tasks=1[0m
==================================================
G-CRSPCIE GPU Tensor Zero-Copy Encoding Tests
==================================================
Configuration:
  k (data blocks):        2
  m (parity blocks):      2
  w (Galois field width): 4
  block_size:            1048576 KB (1073741824 bytes)
  task_num:              1
  threads_per_block:     128
  blocks_per_grid:       auto-calculate

Found 8 CUDA device(s)
Using device: NVIDIA A800-SXM4-80GB


[Test 4] XOR Operation Test
---------------------------
✓ Configuration: k=2, block_size=1048576 KB
✓ GPU memory allocated (input=2097152 KB, output=1048576 KB)
✓ GPU input data prepared (2147483648 bytes)
✓ CUDA config: threads_per_block=128, blocks_per_grid=1048576
Running warm-up...
Running XOR operation (10 iterations)...
✓ XOR operation completed successfully
  Average time (10 iterations): 1.815 ms
  Throughput: 1128349.79 MB/s
  Note: XOR is simpler than EC encoding, should be faster!
  WARNING: XOR result is all zeros (inputs might be identical)

==================================================
Test Summary: 1/1 tests passed
==================================================
[0;34mRunning: EC | Block=1048576 KB | Threads=128 | Blocks=0 | Tasks=1[0m
==================================================
G-CRSPCIE GPU Tensor Zero-Copy Encoding Tests
==================================================
Configuration:
  k (data blocks):        2
  m (parity blocks):      1
  w (Galois field width): 8
  block_size:            1048576 KB (1073741824 bytes)
  task_num:              1
  threads_per_block:     128
  blocks_per_grid:       auto-calculate

Found 8 CUDA device(s)
Using device: NVIDIA A800-SXM4-80GB


[Test 2] GPU Tensor -> GPU Encoding -> GPU Tensor (Zero-Copy Mode)
-------------------------------------------------------------------
✓ Worker initialized: k=2, m=1, w=8, block_size=1048576 KB
✓ CUDA config: threads_per_block=128, blocks_per_grid=1048576
✓ GPU memory allocated (aligned: input=2097152 KB, output=1048576 KB)
✓ GPU input data prepared (2147483648 bytes)
✓ Zero-copy mode enabled (no H2D/D2H transfers)
Running encoding (zero-copy mode)...
✓ Zero-copy encoding completed successfully
  Encoding time: 2.219 ms
  Throughput: 922938.26 MB/s
  Note: Zero-copy mode eliminates PCIe transfer overhead!

==================================================
Test Summary: 1/1 tests passed
==================================================
