[0;34mRunning: XOR | Block=1024 KB | Threads=128 | Blocks=0 | Tasks=1[0m
==================================================
G-CRSPCIE GPU Tensor Zero-Copy Encoding Tests
==================================================
Configuration:
  k (data blocks):        2
  m (parity blocks):      2
  w (Galois field width): 4
  block_size:            1024 KB (1048576 bytes)
  task_num:              1
  threads_per_block:     128
  blocks_per_grid:       auto-calculate

Found 8 CUDA device(s)
Using device: NVIDIA A800-SXM4-80GB


[Test 4] XOR Operation Test
---------------------------
✓ Configuration: k=2, block_size=1024 KB
✓ GPU memory allocated (input=2048 KB, output=1024 KB)
✓ GPU input data prepared (2097152 bytes)
✓ CUDA config: threads_per_block=128, blocks_per_grid=1024
Running warm-up...
Running XOR operation (10 iterations)...
✓ XOR operation completed successfully
  Average time (10 iterations): 0.009 ms
  Throughput: 232514.87 MB/s
  Note: XOR is simpler than EC encoding, should be faster!
  WARNING: XOR result is all zeros (inputs might be identical)

==================================================
Test Summary: 1/1 tests passed
==================================================
[0;34mRunning: EC | Block=1024 KB | Threads=128 | Blocks=0 | Tasks=1[0m
==================================================
G-CRSPCIE GPU Tensor Zero-Copy Encoding Tests
==================================================
Configuration:
  k (data blocks):        2
  m (parity blocks):      1
  w (Galois field width): 4
  block_size:            1024 KB (1048576 bytes)
  task_num:              1
  threads_per_block:     128
  blocks_per_grid:       auto-calculate

Found 8 CUDA device(s)
Using device: NVIDIA A800-SXM4-80GB


[Test 2] GPU Tensor -> GPU Encoding -> GPU Tensor (Zero-Copy Mode)
-------------------------------------------------------------------
✓ Worker initialized: k=2, m=1, w=4, block_size=1024 KB
✓ CUDA config: threads_per_block=128, blocks_per_grid=1024
✓ GPU memory allocated (aligned: input=2048 KB, output=1024 KB)
✓ GPU input data prepared (2097152 bytes)
✓ Zero-copy mode enabled (no H2D/D2H transfers)
Running encoding (zero-copy mode)...
✓ Zero-copy encoding completed successfully
  Encoding time: 0.066 ms
  Throughput: 30303.03 MB/s
  Note: Zero-copy mode eliminates PCIe transfer overhead!

==================================================
Test Summary: 1/1 tests passed
==================================================
[0;34mRunning: XOR | Block=2048 KB | Threads=128 | Blocks=0 | Tasks=1[0m
==================================================
G-CRSPCIE GPU Tensor Zero-Copy Encoding Tests
==================================================
Configuration:
  k (data blocks):        2
  m (parity blocks):      2
  w (Galois field width): 4
  block_size:            2048 KB (2097152 bytes)
  task_num:              1
  threads_per_block:     128
  blocks_per_grid:       auto-calculate

Found 8 CUDA device(s)
Using device: NVIDIA A800-SXM4-80GB


[Test 4] XOR Operation Test
---------------------------
✓ Configuration: k=2, block_size=2048 KB
✓ GPU memory allocated (input=4096 KB, output=2048 KB)
✓ GPU input data prepared (4194304 bytes)
✓ CUDA config: threads_per_block=128, blocks_per_grid=2048
Running warm-up...
Running XOR operation (10 iterations)...
✓ XOR operation completed successfully
  Average time (10 iterations): 0.010 ms
  Throughput: 420026.85 MB/s
  Note: XOR is simpler than EC encoding, should be faster!
  WARNING: XOR result is all zeros (inputs might be identical)

==================================================
Test Summary: 1/1 tests passed
==================================================
[0;34mRunning: EC | Block=2048 KB | Threads=128 | Blocks=0 | Tasks=1[0m
==================================================
G-CRSPCIE GPU Tensor Zero-Copy Encoding Tests
==================================================
Configuration:
  k (data blocks):        2
  m (parity blocks):      1
  w (Galois field width): 4
  block_size:            2048 KB (2097152 bytes)
  task_num:              1
  threads_per_block:     128
  blocks_per_grid:       auto-calculate

Found 8 CUDA device(s)
Using device: NVIDIA A800-SXM4-80GB


[Test 2] GPU Tensor -> GPU Encoding -> GPU Tensor (Zero-Copy Mode)
-------------------------------------------------------------------
✓ Worker initialized: k=2, m=1, w=4, block_size=2048 KB
✓ CUDA config: threads_per_block=128, blocks_per_grid=2048
✓ GPU memory allocated (aligned: input=4096 KB, output=2048 KB)
✓ GPU input data prepared (4194304 bytes)
✓ Zero-copy mode enabled (no H2D/D2H transfers)
Running encoding (zero-copy mode)...
✓ Zero-copy encoding completed successfully
  Encoding time: 0.059 ms
  Throughput: 67796.61 MB/s
  Note: Zero-copy mode eliminates PCIe transfer overhead!

==================================================
Test Summary: 1/1 tests passed
==================================================
[0;34mRunning: XOR | Block=4096 KB | Threads=128 | Blocks=0 | Tasks=1[0m
==================================================
G-CRSPCIE GPU Tensor Zero-Copy Encoding Tests
==================================================
Configuration:
  k (data blocks):        2
  m (parity blocks):      2
  w (Galois field width): 4
  block_size:            4096 KB (4194304 bytes)
  task_num:              1
  threads_per_block:     128
  blocks_per_grid:       auto-calculate

Found 8 CUDA device(s)
Using device: NVIDIA A800-SXM4-80GB


[Test 4] XOR Operation Test
---------------------------
✓ Configuration: k=2, block_size=4096 KB
✓ GPU memory allocated (input=8192 KB, output=4096 KB)
✓ GPU input data prepared (8388608 bytes)
✓ CUDA config: threads_per_block=128, blocks_per_grid=4096
Running warm-up...
Running XOR operation (10 iterations)...
✓ XOR operation completed successfully
  Average time (10 iterations): 0.012 ms
  Throughput: 679347.81 MB/s
  Note: XOR is simpler than EC encoding, should be faster!
  WARNING: XOR result is all zeros (inputs might be identical)

==================================================
Test Summary: 1/1 tests passed
==================================================
[0;34mRunning: EC | Block=4096 KB | Threads=128 | Blocks=0 | Tasks=1[0m
==================================================
G-CRSPCIE GPU Tensor Zero-Copy Encoding Tests
==================================================
Configuration:
  k (data blocks):        2
  m (parity blocks):      1
  w (Galois field width): 4
  block_size:            4096 KB (4194304 bytes)
  task_num:              1
  threads_per_block:     128
  blocks_per_grid:       auto-calculate

Found 8 CUDA device(s)
Using device: NVIDIA A800-SXM4-80GB


[Test 2] GPU Tensor -> GPU Encoding -> GPU Tensor (Zero-Copy Mode)
-------------------------------------------------------------------
✓ Worker initialized: k=2, m=1, w=4, block_size=4096 KB
✓ CUDA config: threads_per_block=128, blocks_per_grid=4096
✓ GPU memory allocated (aligned: input=8192 KB, output=4096 KB)
✓ GPU input data prepared (8388608 bytes)
✓ Zero-copy mode enabled (no H2D/D2H transfers)
Running encoding (zero-copy mode)...
✓ Zero-copy encoding completed successfully
  Encoding time: 0.071 ms
  Throughput: 112676.06 MB/s
  Note: Zero-copy mode eliminates PCIe transfer overhead!

==================================================
Test Summary: 1/1 tests passed
==================================================
[0;34mRunning: XOR | Block=8192 KB | Threads=128 | Blocks=0 | Tasks=1[0m
==================================================
G-CRSPCIE GPU Tensor Zero-Copy Encoding Tests
==================================================
Configuration:
  k (data blocks):        2
  m (parity blocks):      2
  w (Galois field width): 4
  block_size:            8192 KB (8388608 bytes)
  task_num:              1
  threads_per_block:     128
  blocks_per_grid:       auto-calculate

Found 8 CUDA device(s)
Using device: NVIDIA A800-SXM4-80GB


[Test 4] XOR Operation Test
---------------------------
✓ Configuration: k=2, block_size=8192 KB
✓ GPU memory allocated (input=16384 KB, output=8192 KB)
✓ GPU input data prepared (16777216 bytes)
✓ CUDA config: threads_per_block=128, blocks_per_grid=8192
Running warm-up...
Running XOR operation (10 iterations)...
✓ XOR operation completed successfully
  Average time (10 iterations): 0.016 ms
  Throughput: 1027960.57 MB/s
  Note: XOR is simpler than EC encoding, should be faster!
  WARNING: XOR result is all zeros (inputs might be identical)

==================================================
Test Summary: 1/1 tests passed
==================================================
[0;34mRunning: EC | Block=8192 KB | Threads=128 | Blocks=0 | Tasks=1[0m
==================================================
G-CRSPCIE GPU Tensor Zero-Copy Encoding Tests
==================================================
Configuration:
  k (data blocks):        2
  m (parity blocks):      1
  w (Galois field width): 4
  block_size:            8192 KB (8388608 bytes)
  task_num:              1
  threads_per_block:     128
  blocks_per_grid:       auto-calculate

Found 8 CUDA device(s)
Using device: NVIDIA A800-SXM4-80GB


[Test 2] GPU Tensor -> GPU Encoding -> GPU Tensor (Zero-Copy Mode)
-------------------------------------------------------------------
✓ Worker initialized: k=2, m=1, w=4, block_size=8192 KB
✓ CUDA config: threads_per_block=128, blocks_per_grid=8192
✓ GPU memory allocated (aligned: input=16384 KB, output=8192 KB)
✓ GPU input data prepared (16777216 bytes)
✓ Zero-copy mode enabled (no H2D/D2H transfers)
Running encoding (zero-copy mode)...
✓ Zero-copy encoding completed successfully
  Encoding time: 0.080 ms
  Throughput: 200000.00 MB/s
  Note: Zero-copy mode eliminates PCIe transfer overhead!

==================================================
Test Summary: 1/1 tests passed
==================================================
[0;34mRunning: XOR | Block=16384 KB | Threads=128 | Blocks=0 | Tasks=1[0m
==================================================
G-CRSPCIE GPU Tensor Zero-Copy Encoding Tests
==================================================
Configuration:
  k (data blocks):        2
  m (parity blocks):      2
  w (Galois field width): 4
  block_size:            16384 KB (16777216 bytes)
  task_num:              1
  threads_per_block:     128
  blocks_per_grid:       auto-calculate

Found 8 CUDA device(s)
Using device: NVIDIA A800-SXM4-80GB


[Test 4] XOR Operation Test
---------------------------
✓ Configuration: k=2, block_size=16384 KB
✓ GPU memory allocated (input=32768 KB, output=16384 KB)
✓ GPU input data prepared (33554432 bytes)
✓ CUDA config: threads_per_block=128, blocks_per_grid=16384
Running warm-up...
Running XOR operation (10 iterations)...
✓ XOR operation completed successfully
  Average time (10 iterations): 0.036 ms
  Throughput: 885269.13 MB/s
  Note: XOR is simpler than EC encoding, should be faster!
  WARNING: XOR result is all zeros (inputs might be identical)

==================================================
Test Summary: 1/1 tests passed
==================================================
[0;34mRunning: EC | Block=16384 KB | Threads=128 | Blocks=0 | Tasks=1[0m
==================================================
G-CRSPCIE GPU Tensor Zero-Copy Encoding Tests
==================================================
Configuration:
  k (data blocks):        2
  m (parity blocks):      1
  w (Galois field width): 4
  block_size:            16384 KB (16777216 bytes)
  task_num:              1
  threads_per_block:     128
  blocks_per_grid:       auto-calculate

Found 8 CUDA device(s)
Using device: NVIDIA A800-SXM4-80GB


[Test 2] GPU Tensor -> GPU Encoding -> GPU Tensor (Zero-Copy Mode)
-------------------------------------------------------------------
✓ Worker initialized: k=2, m=1, w=4, block_size=16384 KB
✓ CUDA config: threads_per_block=128, blocks_per_grid=16384
✓ GPU memory allocated (aligned: input=32768 KB, output=16384 KB)
✓ GPU input data prepared (33554432 bytes)
✓ Zero-copy mode enabled (no H2D/D2H transfers)
Running encoding (zero-copy mode)...
✓ Zero-copy encoding completed successfully
  Encoding time: 0.130 ms
  Throughput: 246153.85 MB/s
  Note: Zero-copy mode eliminates PCIe transfer overhead!

==================================================
Test Summary: 1/1 tests passed
==================================================
[0;34mRunning: XOR | Block=32768 KB | Threads=128 | Blocks=0 | Tasks=1[0m
==================================================
G-CRSPCIE GPU Tensor Zero-Copy Encoding Tests
==================================================
Configuration:
  k (data blocks):        2
  m (parity blocks):      2
  w (Galois field width): 4
  block_size:            32768 KB (33554432 bytes)
  task_num:              1
  threads_per_block:     128
  blocks_per_grid:       auto-calculate

Found 8 CUDA device(s)
Using device: NVIDIA A800-SXM4-80GB


[Test 4] XOR Operation Test
---------------------------
✓ Configuration: k=2, block_size=32768 KB
✓ GPU memory allocated (input=65536 KB, output=32768 KB)
✓ GPU input data prepared (67108864 bytes)
✓ CUDA config: threads_per_block=128, blocks_per_grid=32768
Running warm-up...
Running XOR operation (10 iterations)...
✓ XOR operation completed successfully
  Average time (10 iterations): 0.065 ms
  Throughput: 978090.67 MB/s
  Note: XOR is simpler than EC encoding, should be faster!
  WARNING: XOR result is all zeros (inputs might be identical)

==================================================
Test Summary: 1/1 tests passed
==================================================
[0;34mRunning: EC | Block=32768 KB | Threads=128 | Blocks=0 | Tasks=1[0m
==================================================
G-CRSPCIE GPU Tensor Zero-Copy Encoding Tests
==================================================
Configuration:
  k (data blocks):        2
  m (parity blocks):      1
  w (Galois field width): 4
  block_size:            32768 KB (33554432 bytes)
  task_num:              1
  threads_per_block:     128
  blocks_per_grid:       auto-calculate

Found 8 CUDA device(s)
Using device: NVIDIA A800-SXM4-80GB


[Test 2] GPU Tensor -> GPU Encoding -> GPU Tensor (Zero-Copy Mode)
-------------------------------------------------------------------
✓ Worker initialized: k=2, m=1, w=4, block_size=32768 KB
✓ CUDA config: threads_per_block=128, blocks_per_grid=32768
✓ GPU memory allocated (aligned: input=65536 KB, output=32768 KB)
✓ GPU input data prepared (67108864 bytes)
✓ Zero-copy mode enabled (no H2D/D2H transfers)
Running encoding (zero-copy mode)...
✓ Zero-copy encoding completed successfully
  Encoding time: 0.173 ms
  Throughput: 369942.20 MB/s
  Note: Zero-copy mode eliminates PCIe transfer overhead!

==================================================
Test Summary: 1/1 tests passed
==================================================
[0;34mRunning: XOR | Block=65536 KB | Threads=128 | Blocks=0 | Tasks=1[0m
==================================================
G-CRSPCIE GPU Tensor Zero-Copy Encoding Tests
==================================================
Configuration:
  k (data blocks):        2
  m (parity blocks):      2
  w (Galois field width): 4
  block_size:            65536 KB (67108864 bytes)
  task_num:              1
  threads_per_block:     128
  blocks_per_grid:       auto-calculate

Found 8 CUDA device(s)
Using device: NVIDIA A800-SXM4-80GB


[Test 4] XOR Operation Test
---------------------------
✓ Configuration: k=2, block_size=65536 KB
✓ GPU memory allocated (input=131072 KB, output=65536 KB)
✓ GPU input data prepared (134217728 bytes)
✓ CUDA config: threads_per_block=128, blocks_per_grid=65536
Running warm-up...
Running XOR operation (10 iterations)...
✓ XOR operation completed successfully
  Average time (10 iterations): 0.122 ms
  Throughput: 1049538.23 MB/s
  Note: XOR is simpler than EC encoding, should be faster!
  WARNING: XOR result is all zeros (inputs might be identical)

==================================================
Test Summary: 1/1 tests passed
==================================================
[0;34mRunning: EC | Block=65536 KB | Threads=128 | Blocks=0 | Tasks=1[0m
==================================================
G-CRSPCIE GPU Tensor Zero-Copy Encoding Tests
==================================================
Configuration:
  k (data blocks):        2
  m (parity blocks):      1
  w (Galois field width): 4
  block_size:            65536 KB (67108864 bytes)
  task_num:              1
  threads_per_block:     128
  blocks_per_grid:       auto-calculate

Found 8 CUDA device(s)
Using device: NVIDIA A800-SXM4-80GB


[Test 2] GPU Tensor -> GPU Encoding -> GPU Tensor (Zero-Copy Mode)
-------------------------------------------------------------------
✓ Worker initialized: k=2, m=1, w=4, block_size=65536 KB
✓ CUDA config: threads_per_block=128, blocks_per_grid=65536
✓ GPU memory allocated (aligned: input=131072 KB, output=65536 KB)
✓ GPU input data prepared (134217728 bytes)
✓ Zero-copy mode enabled (no H2D/D2H transfers)
Running encoding (zero-copy mode)...
✓ Zero-copy encoding completed successfully
  Encoding time: 0.236 ms
  Throughput: 542372.88 MB/s
  Note: Zero-copy mode eliminates PCIe transfer overhead!

==================================================
Test Summary: 1/1 tests passed
==================================================
[0;34mRunning: XOR | Block=256 KB | Threads=64 | Blocks=0 | Tasks=1[0m
==================================================
G-CRSPCIE GPU Tensor Zero-Copy Encoding Tests
==================================================
Configuration:
  k (data blocks):        2
  m (parity blocks):      2
  w (Galois field width): 4
  block_size:            256 KB (262144 bytes)
  task_num:              1
  threads_per_block:     64
  blocks_per_grid:       auto-calculate

Found 8 CUDA device(s)
Using device: NVIDIA A800-SXM4-80GB


[Test 4] XOR Operation Test
---------------------------
✓ Configuration: k=2, block_size=256 KB
✓ GPU memory allocated (input=512 KB, output=256 KB)
✓ GPU input data prepared (524288 bytes)
✓ CUDA config: threads_per_block=64, blocks_per_grid=512
Running warm-up...
Running XOR operation (10 iterations)...
✓ XOR operation completed successfully
  Average time (10 iterations): 0.008 ms
  Throughput: 65983.96 MB/s
  Note: XOR is simpler than EC encoding, should be faster!
  WARNING: XOR result is all zeros (inputs might be identical)

==================================================
Test Summary: 1/1 tests passed
==================================================
[0;34mRunning: EC | Block=256 KB | Threads=64 | Blocks=0 | Tasks=1[0m
==================================================
G-CRSPCIE GPU Tensor Zero-Copy Encoding Tests
==================================================
Configuration:
  k (data blocks):        2
  m (parity blocks):      1
  w (Galois field width): 4
  block_size:            256 KB (262144 bytes)
  task_num:              1
  threads_per_block:     64
  blocks_per_grid:       auto-calculate

Found 8 CUDA device(s)
Using device: NVIDIA A800-SXM4-80GB


[Test 2] GPU Tensor -> GPU Encoding -> GPU Tensor (Zero-Copy Mode)
-------------------------------------------------------------------
✓ Worker initialized: k=2, m=1, w=4, block_size=256 KB
✓ CUDA config: threads_per_block=64, blocks_per_grid=512
✓ GPU memory allocated (aligned: input=512 KB, output=256 KB)
✓ GPU input data prepared (524288 bytes)
✓ Zero-copy mode enabled (no H2D/D2H transfers)
Running encoding (zero-copy mode)...
✓ Zero-copy encoding completed successfully
  Encoding time: 0.050 ms
  Throughput: 10000.00 MB/s
  Note: Zero-copy mode eliminates PCIe transfer overhead!

==================================================
Test Summary: 1/1 tests passed
==================================================
[0;34mRunning: XOR | Block=256 KB | Threads=128 | Blocks=0 | Tasks=1[0m
==================================================
G-CRSPCIE GPU Tensor Zero-Copy Encoding Tests
==================================================
Configuration:
  k (data blocks):        2
  m (parity blocks):      2
  w (Galois field width): 4
  block_size:            256 KB (262144 bytes)
  task_num:              1
  threads_per_block:     128
  blocks_per_grid:       auto-calculate

Found 8 CUDA device(s)
Using device: NVIDIA A800-SXM4-80GB


[Test 4] XOR Operation Test
---------------------------
✓ Configuration: k=2, block_size=256 KB
✓ GPU memory allocated (input=512 KB, output=256 KB)
✓ GPU input data prepared (524288 bytes)
✓ CUDA config: threads_per_block=128, blocks_per_grid=256
Running warm-up...
Running XOR operation (10 iterations)...
✓ XOR operation completed successfully
  Average time (10 iterations): 0.008 ms
  Throughput: 64247.53 MB/s
  Note: XOR is simpler than EC encoding, should be faster!
  WARNING: XOR result is all zeros (inputs might be identical)

==================================================
Test Summary: 1/1 tests passed
==================================================
[0;34mRunning: EC | Block=256 KB | Threads=128 | Blocks=0 | Tasks=1[0m
==================================================
G-CRSPCIE GPU Tensor Zero-Copy Encoding Tests
==================================================
Configuration:
  k (data blocks):        2
  m (parity blocks):      1
  w (Galois field width): 4
  block_size:            256 KB (262144 bytes)
  task_num:              1
  threads_per_block:     128
  blocks_per_grid:       auto-calculate

Found 8 CUDA device(s)
Using device: NVIDIA A800-SXM4-80GB


[Test 2] GPU Tensor -> GPU Encoding -> GPU Tensor (Zero-Copy Mode)
-------------------------------------------------------------------
✓ Worker initialized: k=2, m=1, w=4, block_size=256 KB
✓ CUDA config: threads_per_block=128, blocks_per_grid=256
✓ GPU memory allocated (aligned: input=512 KB, output=256 KB)
✓ GPU input data prepared (524288 bytes)
✓ Zero-copy mode enabled (no H2D/D2H transfers)
Running encoding (zero-copy mode)...
✓ Zero-copy encoding completed successfully
  Encoding time: 0.054 ms
  Throughput: 9259.26 MB/s
  Note: Zero-copy mode eliminates PCIe transfer overhead!

==================================================
Test Summary: 1/1 tests passed
==================================================
[0;34mRunning: XOR | Block=256 KB | Threads=256 | Blocks=0 | Tasks=1[0m
==================================================
G-CRSPCIE GPU Tensor Zero-Copy Encoding Tests
==================================================
Configuration:
  k (data blocks):        2
  m (parity blocks):      2
  w (Galois field width): 4
  block_size:            256 KB (262144 bytes)
  task_num:              1
  threads_per_block:     256
  blocks_per_grid:       auto-calculate

Found 8 CUDA device(s)
Using device: NVIDIA A800-SXM4-80GB


[Test 4] XOR Operation Test
---------------------------
✓ Configuration: k=2, block_size=256 KB
✓ GPU memory allocated (input=512 KB, output=256 KB)
✓ GPU input data prepared (524288 bytes)
✓ CUDA config: threads_per_block=256, blocks_per_grid=128
Running warm-up...
Running XOR operation (10 iterations)...
✓ XOR operation completed successfully
  Average time (10 iterations): 0.007 ms
  Throughput: 66887.85 MB/s
  Note: XOR is simpler than EC encoding, should be faster!
  WARNING: XOR result is all zeros (inputs might be identical)

==================================================
Test Summary: 1/1 tests passed
==================================================
[0;34mRunning: EC | Block=256 KB | Threads=256 | Blocks=0 | Tasks=1[0m
==================================================
G-CRSPCIE GPU Tensor Zero-Copy Encoding Tests
==================================================
Configuration:
  k (data blocks):        2
  m (parity blocks):      1
  w (Galois field width): 4
  block_size:            256 KB (262144 bytes)
  task_num:              1
  threads_per_block:     256
  blocks_per_grid:       auto-calculate

Found 8 CUDA device(s)
Using device: NVIDIA A800-SXM4-80GB


[Test 2] GPU Tensor -> GPU Encoding -> GPU Tensor (Zero-Copy Mode)
-------------------------------------------------------------------
✓ Worker initialized: k=2, m=1, w=4, block_size=256 KB
✓ CUDA config: threads_per_block=256, blocks_per_grid=128
✓ GPU memory allocated (aligned: input=512 KB, output=256 KB)
✓ GPU input data prepared (524288 bytes)
✓ Zero-copy mode enabled (no H2D/D2H transfers)
Running encoding (zero-copy mode)...
✓ Zero-copy encoding completed successfully
  Encoding time: 0.053 ms
  Throughput: 9433.96 MB/s
  Note: Zero-copy mode eliminates PCIe transfer overhead!

==================================================
Test Summary: 1/1 tests passed
==================================================
[0;34mRunning: XOR | Block=256 KB | Threads=512 | Blocks=0 | Tasks=1[0m
==================================================
G-CRSPCIE GPU Tensor Zero-Copy Encoding Tests
==================================================
Configuration:
  k (data blocks):        2
  m (parity blocks):      2
  w (Galois field width): 4
  block_size:            256 KB (262144 bytes)
  task_num:              1
  threads_per_block:     512
  blocks_per_grid:       auto-calculate

Found 8 CUDA device(s)
Using device: NVIDIA A800-SXM4-80GB


[Test 4] XOR Operation Test
---------------------------
✓ Configuration: k=2, block_size=256 KB
✓ GPU memory allocated (input=512 KB, output=256 KB)
✓ GPU input data prepared (524288 bytes)
✓ CUDA config: threads_per_block=512, blocks_per_grid=64
Running warm-up...
Running XOR operation (10 iterations)...
✓ XOR operation completed successfully
  Average time (10 iterations): 0.007 ms
  Throughput: 67816.85 MB/s
  Note: XOR is simpler than EC encoding, should be faster!
  WARNING: XOR result is all zeros (inputs might be identical)

==================================================
Test Summary: 1/1 tests passed
==================================================
[0;34mRunning: EC | Block=256 KB | Threads=512 | Blocks=0 | Tasks=1[0m
==================================================
G-CRSPCIE GPU Tensor Zero-Copy Encoding Tests
==================================================
Configuration:
  k (data blocks):        2
  m (parity blocks):      1
  w (Galois field width): 4
  block_size:            256 KB (262144 bytes)
  task_num:              1
  threads_per_block:     512
  blocks_per_grid:       auto-calculate

Found 8 CUDA device(s)
Using device: NVIDIA A800-SXM4-80GB


[Test 2] GPU Tensor -> GPU Encoding -> GPU Tensor (Zero-Copy Mode)
-------------------------------------------------------------------
✓ Worker initialized: k=2, m=1, w=4, block_size=256 KB
✓ CUDA config: threads_per_block=512, blocks_per_grid=64
✓ GPU memory allocated (aligned: input=512 KB, output=256 KB)
✓ GPU input data prepared (524288 bytes)
✓ Zero-copy mode enabled (no H2D/D2H transfers)
Running encoding (zero-copy mode)...
✓ Zero-copy encoding completed successfully
  Encoding time: 0.051 ms
  Throughput: 9803.92 MB/s
  Note: Zero-copy mode eliminates PCIe transfer overhead!

==================================================
Test Summary: 1/1 tests passed
==================================================
[0;34mRunning: EC | Block=256 KB | Threads=128 | Blocks=0 | Tasks=1[0m
==================================================
G-CRSPCIE GPU Tensor Zero-Copy Encoding Tests
==================================================
Configuration:
  k (data blocks):        2
  m (parity blocks):      1
  w (Galois field width): 4
  block_size:            256 KB (262144 bytes)
  task_num:              1
  threads_per_block:     128
  blocks_per_grid:       auto-calculate

Found 8 CUDA device(s)
Using device: NVIDIA A800-SXM4-80GB


[Test 2] GPU Tensor -> GPU Encoding -> GPU Tensor (Zero-Copy Mode)
-------------------------------------------------------------------
✓ Worker initialized: k=2, m=1, w=4, block_size=256 KB
✓ CUDA config: threads_per_block=128, blocks_per_grid=256
✓ GPU memory allocated (aligned: input=512 KB, output=256 KB)
✓ GPU input data prepared (524288 bytes)
✓ Zero-copy mode enabled (no H2D/D2H transfers)
Running encoding (zero-copy mode)...
✓ Zero-copy encoding completed successfully
  Encoding time: 0.051 ms
  Throughput: 9803.92 MB/s
  Note: Zero-copy mode eliminates PCIe transfer overhead!

==================================================
Test Summary: 1/1 tests passed
==================================================
[0;34mRunning: EC | Block=256 KB | Threads=128 | Blocks=0 | Tasks=2[0m
==================================================
G-CRSPCIE GPU Tensor Zero-Copy Encoding Tests
==================================================
Configuration:
  k (data blocks):        2
  m (parity blocks):      1
  w (Galois field width): 4
  block_size:            256 KB (262144 bytes)
  task_num:              2
  threads_per_block:     128
  blocks_per_grid:       auto-calculate

Found 8 CUDA device(s)
Using device: NVIDIA A800-SXM4-80GB


[Test 2] GPU Tensor -> GPU Encoding -> GPU Tensor (Zero-Copy Mode)
-------------------------------------------------------------------
✓ Worker initialized: k=2, m=1, w=4, block_size=256 KB
✓ CUDA config: threads_per_block=128, blocks_per_grid=128
✓ GPU memory allocated (aligned: input=512 KB, output=256 KB)
✓ GPU input data prepared (524288 bytes)
✓ Zero-copy mode enabled (no H2D/D2H transfers)
Running encoding (zero-copy mode)...
✓ Zero-copy encoding completed successfully
  Encoding time: 0.069 ms
  Throughput: 7246.38 MB/s
  Note: Zero-copy mode eliminates PCIe transfer overhead!

==================================================
Test Summary: 1/1 tests passed
==================================================
[0;34mRunning: EC | Block=256 KB | Threads=128 | Blocks=0 | Tasks=4[0m
==================================================
G-CRSPCIE GPU Tensor Zero-Copy Encoding Tests
==================================================
Configuration:
  k (data blocks):        2
  m (parity blocks):      1
  w (Galois field width): 4
  block_size:            256 KB (262144 bytes)
  task_num:              4
  threads_per_block:     128
  blocks_per_grid:       auto-calculate

Found 8 CUDA device(s)
Using device: NVIDIA A800-SXM4-80GB


[Test 2] GPU Tensor -> GPU Encoding -> GPU Tensor (Zero-Copy Mode)
-------------------------------------------------------------------
✓ Worker initialized: k=2, m=1, w=4, block_size=256 KB
✓ CUDA config: threads_per_block=128, blocks_per_grid=64
✓ GPU memory allocated (aligned: input=512 KB, output=256 KB)
✓ GPU input data prepared (524288 bytes)
✓ Zero-copy mode enabled (no H2D/D2H transfers)
Running encoding (zero-copy mode)...
✓ Zero-copy encoding completed successfully
  Encoding time: 0.090 ms
  Throughput: 5555.56 MB/s
  Note: Zero-copy mode eliminates PCIe transfer overhead!

==================================================
Test Summary: 1/1 tests passed
==================================================
[0;34mRunning: XOR | Block=1024 KB | Threads=256 | Blocks=0 | Tasks=1[0m
==================================================
G-CRSPCIE GPU Tensor Zero-Copy Encoding Tests
==================================================
Configuration:
  k (data blocks):        2
  m (parity blocks):      2
  w (Galois field width): 4
  block_size:            1024 KB (1048576 bytes)
  task_num:              1
  threads_per_block:     256
  blocks_per_grid:       auto-calculate

Found 8 CUDA device(s)
Using device: NVIDIA A800-SXM4-80GB


[Test 4] XOR Operation Test
---------------------------
✓ Configuration: k=2, block_size=1024 KB
✓ GPU memory allocated (input=2048 KB, output=1024 KB)
✓ GPU input data prepared (2097152 bytes)
✓ CUDA config: threads_per_block=256, blocks_per_grid=512
Running warm-up...
Running XOR operation (10 iterations)...
✓ XOR operation completed successfully
  Average time (10 iterations): 0.008 ms
  Throughput: 244140.60 MB/s
  Note: XOR is simpler than EC encoding, should be faster!
  WARNING: XOR result is all zeros (inputs might be identical)

==================================================
Test Summary: 1/1 tests passed
==================================================
[0;34mRunning: EC | Block=1024 KB | Threads=256 | Blocks=0 | Tasks=1[0m
==================================================
G-CRSPCIE GPU Tensor Zero-Copy Encoding Tests
==================================================
Configuration:
  k (data blocks):        2
  m (parity blocks):      1
  w (Galois field width): 4
  block_size:            1024 KB (1048576 bytes)
  task_num:              1
  threads_per_block:     256
  blocks_per_grid:       auto-calculate

Found 8 CUDA device(s)
Using device: NVIDIA A800-SXM4-80GB


[Test 2] GPU Tensor -> GPU Encoding -> GPU Tensor (Zero-Copy Mode)
-------------------------------------------------------------------
✓ Worker initialized: k=2, m=1, w=4, block_size=1024 KB
✓ CUDA config: threads_per_block=256, blocks_per_grid=512
✓ GPU memory allocated (aligned: input=2048 KB, output=1024 KB)
✓ GPU input data prepared (2097152 bytes)
✓ Zero-copy mode enabled (no H2D/D2H transfers)
Running encoding (zero-copy mode)...
✓ Zero-copy encoding completed successfully
  Encoding time: 0.063 ms
  Throughput: 31746.03 MB/s
  Note: Zero-copy mode eliminates PCIe transfer overhead!

==================================================
Test Summary: 1/1 tests passed
==================================================
[0;34mRunning: XOR | Block=2048 KB | Threads=256 | Blocks=0 | Tasks=1[0m
==================================================
G-CRSPCIE GPU Tensor Zero-Copy Encoding Tests
==================================================
Configuration:
  k (data blocks):        2
  m (parity blocks):      2
  w (Galois field width): 4
  block_size:            2048 KB (2097152 bytes)
  task_num:              1
  threads_per_block:     256
  blocks_per_grid:       auto-calculate

Found 8 CUDA device(s)
Using device: NVIDIA A800-SXM4-80GB


[Test 4] XOR Operation Test
---------------------------
✓ Configuration: k=2, block_size=2048 KB
✓ GPU memory allocated (input=4096 KB, output=2048 KB)
✓ GPU input data prepared (4194304 bytes)
✓ CUDA config: threads_per_block=256, blocks_per_grid=1024
Running warm-up...
Running XOR operation (10 iterations)...
✓ XOR operation completed successfully
  Average time (10 iterations): 0.009 ms
  Throughput: 448994.26 MB/s
  Note: XOR is simpler than EC encoding, should be faster!
  WARNING: XOR result is all zeros (inputs might be identical)

==================================================
Test Summary: 1/1 tests passed
==================================================
[0;34mRunning: EC | Block=2048 KB | Threads=256 | Blocks=0 | Tasks=1[0m
==================================================
G-CRSPCIE GPU Tensor Zero-Copy Encoding Tests
==================================================
Configuration:
  k (data blocks):        2
  m (parity blocks):      1
  w (Galois field width): 4
  block_size:            2048 KB (2097152 bytes)
  task_num:              1
  threads_per_block:     256
  blocks_per_grid:       auto-calculate

Found 8 CUDA device(s)
Using device: NVIDIA A800-SXM4-80GB


[Test 2] GPU Tensor -> GPU Encoding -> GPU Tensor (Zero-Copy Mode)
-------------------------------------------------------------------
✓ Worker initialized: k=2, m=1, w=4, block_size=2048 KB
✓ CUDA config: threads_per_block=256, blocks_per_grid=1024
✓ GPU memory allocated (aligned: input=4096 KB, output=2048 KB)
✓ GPU input data prepared (4194304 bytes)
✓ Zero-copy mode enabled (no H2D/D2H transfers)
Running encoding (zero-copy mode)...
✓ Zero-copy encoding completed successfully
  Encoding time: 0.060 ms
  Throughput: 66666.67 MB/s
  Note: Zero-copy mode eliminates PCIe transfer overhead!

==================================================
Test Summary: 1/1 tests passed
==================================================
[0;34mRunning: XOR | Block=4096 KB | Threads=256 | Blocks=0 | Tasks=1[0m
==================================================
G-CRSPCIE GPU Tensor Zero-Copy Encoding Tests
==================================================
Configuration:
  k (data blocks):        2
  m (parity blocks):      2
  w (Galois field width): 4
  block_size:            4096 KB (4194304 bytes)
  task_num:              1
  threads_per_block:     256
  blocks_per_grid:       auto-calculate

Found 8 CUDA device(s)
Using device: NVIDIA A800-SXM4-80GB


[Test 4] XOR Operation Test
---------------------------
✓ Configuration: k=2, block_size=4096 KB
✓ GPU memory allocated (input=8192 KB, output=4096 KB)
✓ GPU input data prepared (8388608 bytes)
✓ CUDA config: threads_per_block=256, blocks_per_grid=2048
Running warm-up...
Running XOR operation (10 iterations)...
✓ XOR operation completed successfully
  Average time (10 iterations): 0.011 ms
  Throughput: 751201.85 MB/s
  Note: XOR is simpler than EC encoding, should be faster!
  WARNING: XOR result is all zeros (inputs might be identical)

==================================================
Test Summary: 1/1 tests passed
==================================================
[0;34mRunning: EC | Block=4096 KB | Threads=256 | Blocks=0 | Tasks=1[0m
==================================================
G-CRSPCIE GPU Tensor Zero-Copy Encoding Tests
==================================================
Configuration:
  k (data blocks):        2
  m (parity blocks):      1
  w (Galois field width): 4
  block_size:            4096 KB (4194304 bytes)
  task_num:              1
  threads_per_block:     256
  blocks_per_grid:       auto-calculate

Found 8 CUDA device(s)
Using device: NVIDIA A800-SXM4-80GB


[Test 2] GPU Tensor -> GPU Encoding -> GPU Tensor (Zero-Copy Mode)
-------------------------------------------------------------------
✓ Worker initialized: k=2, m=1, w=4, block_size=4096 KB
✓ CUDA config: threads_per_block=256, blocks_per_grid=2048
✓ GPU memory allocated (aligned: input=8192 KB, output=4096 KB)
✓ GPU input data prepared (8388608 bytes)
✓ Zero-copy mode enabled (no H2D/D2H transfers)
Running encoding (zero-copy mode)...
✓ Zero-copy encoding completed successfully
  Encoding time: 0.066 ms
  Throughput: 121212.12 MB/s
  Note: Zero-copy mode eliminates PCIe transfer overhead!

==================================================
Test Summary: 1/1 tests passed
==================================================
[0;34mRunning: XOR | Block=8192 KB | Threads=256 | Blocks=0 | Tasks=1[0m
==================================================
G-CRSPCIE GPU Tensor Zero-Copy Encoding Tests
==================================================
Configuration:
  k (data blocks):        2
  m (parity blocks):      2
  w (Galois field width): 4
  block_size:            8192 KB (8388608 bytes)
  task_num:              1
  threads_per_block:     256
  blocks_per_grid:       auto-calculate

Found 8 CUDA device(s)
Using device: NVIDIA A800-SXM4-80GB


[Test 4] XOR Operation Test
---------------------------
✓ Configuration: k=2, block_size=8192 KB
✓ GPU memory allocated (input=16384 KB, output=8192 KB)
✓ GPU input data prepared (16777216 bytes)
✓ CUDA config: threads_per_block=256, blocks_per_grid=4096
Running warm-up...
Running XOR operation (10 iterations)...
✓ XOR operation completed successfully
  Average time (10 iterations): 0.015 ms
  Throughput: 1100352.05 MB/s
  Note: XOR is simpler than EC encoding, should be faster!
  WARNING: XOR result is all zeros (inputs might be identical)

==================================================
Test Summary: 1/1 tests passed
==================================================
[0;34mRunning: EC | Block=8192 KB | Threads=256 | Blocks=0 | Tasks=1[0m
==================================================
G-CRSPCIE GPU Tensor Zero-Copy Encoding Tests
==================================================
Configuration:
  k (data blocks):        2
  m (parity blocks):      1
  w (Galois field width): 4
  block_size:            8192 KB (8388608 bytes)
  task_num:              1
  threads_per_block:     256
  blocks_per_grid:       auto-calculate

Found 8 CUDA device(s)
Using device: NVIDIA A800-SXM4-80GB


[Test 2] GPU Tensor -> GPU Encoding -> GPU Tensor (Zero-Copy Mode)
-------------------------------------------------------------------
✓ Worker initialized: k=2, m=1, w=4, block_size=8192 KB
✓ CUDA config: threads_per_block=256, blocks_per_grid=4096
✓ GPU memory allocated (aligned: input=16384 KB, output=8192 KB)
✓ GPU input data prepared (16777216 bytes)
✓ Zero-copy mode enabled (no H2D/D2H transfers)
Running encoding (zero-copy mode)...
✓ Zero-copy encoding completed successfully
  Encoding time: 0.076 ms
  Throughput: 210526.32 MB/s
  Note: Zero-copy mode eliminates PCIe transfer overhead!

==================================================
Test Summary: 1/1 tests passed
==================================================
[0;34mRunning: XOR | Block=16384 KB | Threads=256 | Blocks=0 | Tasks=1[0m
==================================================
G-CRSPCIE GPU Tensor Zero-Copy Encoding Tests
==================================================
Configuration:
  k (data blocks):        2
  m (parity blocks):      2
  w (Galois field width): 4
  block_size:            16384 KB (16777216 bytes)
  task_num:              1
  threads_per_block:     256
  blocks_per_grid:       auto-calculate

Found 8 CUDA device(s)
Using device: NVIDIA A800-SXM4-80GB


[Test 4] XOR Operation Test
---------------------------
✓ Configuration: k=2, block_size=16384 KB
✓ GPU memory allocated (input=32768 KB, output=16384 KB)
✓ GPU input data prepared (33554432 bytes)
✓ CUDA config: threads_per_block=256, blocks_per_grid=8192
Running warm-up...
Running XOR operation (10 iterations)...
✓ XOR operation completed successfully
  Average time (10 iterations): 0.036 ms
  Throughput: 880281.66 MB/s
  Note: XOR is simpler than EC encoding, should be faster!
  WARNING: XOR result is all zeros (inputs might be identical)

==================================================
Test Summary: 1/1 tests passed
==================================================
[0;34mRunning: EC | Block=16384 KB | Threads=256 | Blocks=0 | Tasks=1[0m
==================================================
G-CRSPCIE GPU Tensor Zero-Copy Encoding Tests
==================================================
Configuration:
  k (data blocks):        2
  m (parity blocks):      1
  w (Galois field width): 4
  block_size:            16384 KB (16777216 bytes)
  task_num:              1
  threads_per_block:     256
  blocks_per_grid:       auto-calculate

Found 8 CUDA device(s)
Using device: NVIDIA A800-SXM4-80GB


[Test 2] GPU Tensor -> GPU Encoding -> GPU Tensor (Zero-Copy Mode)
-------------------------------------------------------------------
✓ Worker initialized: k=2, m=1, w=4, block_size=16384 KB
✓ CUDA config: threads_per_block=256, blocks_per_grid=8192
✓ GPU memory allocated (aligned: input=32768 KB, output=16384 KB)
✓ GPU input data prepared (33554432 bytes)
✓ Zero-copy mode enabled (no H2D/D2H transfers)
Running encoding (zero-copy mode)...
✓ Zero-copy encoding completed successfully
  Encoding time: 0.135 ms
  Throughput: 237037.04 MB/s
  Note: Zero-copy mode eliminates PCIe transfer overhead!

==================================================
Test Summary: 1/1 tests passed
==================================================
[0;34mRunning: XOR | Block=32768 KB | Threads=256 | Blocks=0 | Tasks=1[0m
==================================================
G-CRSPCIE GPU Tensor Zero-Copy Encoding Tests
==================================================
Configuration:
  k (data blocks):        2
  m (parity blocks):      2
  w (Galois field width): 4
  block_size:            32768 KB (33554432 bytes)
  task_num:              1
  threads_per_block:     256
  blocks_per_grid:       auto-calculate

Found 8 CUDA device(s)
Using device: NVIDIA A800-SXM4-80GB


[Test 4] XOR Operation Test
---------------------------
✓ Configuration: k=2, block_size=32768 KB
✓ GPU memory allocated (input=65536 KB, output=32768 KB)
✓ GPU input data prepared (67108864 bytes)
✓ CUDA config: threads_per_block=256, blocks_per_grid=16384
Running warm-up...
Running XOR operation (10 iterations)...
✓ XOR operation completed successfully
  Average time (10 iterations): 0.066 ms
  Throughput: 976562.39 MB/s
  Note: XOR is simpler than EC encoding, should be faster!
  WARNING: XOR result is all zeros (inputs might be identical)

==================================================
Test Summary: 1/1 tests passed
==================================================
[0;34mRunning: EC | Block=32768 KB | Threads=256 | Blocks=0 | Tasks=1[0m
==================================================
G-CRSPCIE GPU Tensor Zero-Copy Encoding Tests
==================================================
Configuration:
  k (data blocks):        2
  m (parity blocks):      1
  w (Galois field width): 4
  block_size:            32768 KB (33554432 bytes)
  task_num:              1
  threads_per_block:     256
  blocks_per_grid:       auto-calculate

Found 8 CUDA device(s)
Using device: NVIDIA A800-SXM4-80GB


[Test 2] GPU Tensor -> GPU Encoding -> GPU Tensor (Zero-Copy Mode)
-------------------------------------------------------------------
✓ Worker initialized: k=2, m=1, w=4, block_size=32768 KB
✓ CUDA config: threads_per_block=256, blocks_per_grid=16384
✓ GPU memory allocated (aligned: input=65536 KB, output=32768 KB)
✓ GPU input data prepared (67108864 bytes)
✓ Zero-copy mode enabled (no H2D/D2H transfers)
Running encoding (zero-copy mode)...
✓ Zero-copy encoding completed successfully
  Encoding time: 0.175 ms
  Throughput: 365714.29 MB/s
  Note: Zero-copy mode eliminates PCIe transfer overhead!

==================================================
Test Summary: 1/1 tests passed
==================================================
[0;34mRunning: XOR | Block=65536 KB | Threads=256 | Blocks=0 | Tasks=1[0m
==================================================
G-CRSPCIE GPU Tensor Zero-Copy Encoding Tests
==================================================
Configuration:
  k (data blocks):        2
  m (parity blocks):      2
  w (Galois field width): 4
  block_size:            65536 KB (67108864 bytes)
  task_num:              1
  threads_per_block:     256
  blocks_per_grid:       auto-calculate

Found 8 CUDA device(s)
Using device: NVIDIA A800-SXM4-80GB


[Test 4] XOR Operation Test
---------------------------
✓ Configuration: k=2, block_size=65536 KB
✓ GPU memory allocated (input=131072 KB, output=65536 KB)
✓ GPU input data prepared (134217728 bytes)
✓ CUDA config: threads_per_block=256, blocks_per_grid=32768
Running warm-up...
Running XOR operation (10 iterations)...
✓ XOR operation completed successfully
  Average time (10 iterations): 0.122 ms
  Throughput: 1046025.10 MB/s
  Note: XOR is simpler than EC encoding, should be faster!
  WARNING: XOR result is all zeros (inputs might be identical)

==================================================
Test Summary: 1/1 tests passed
==================================================
[0;34mRunning: EC | Block=65536 KB | Threads=256 | Blocks=0 | Tasks=1[0m
==================================================
G-CRSPCIE GPU Tensor Zero-Copy Encoding Tests
==================================================
Configuration:
  k (data blocks):        2
  m (parity blocks):      1
  w (Galois field width): 4
  block_size:            65536 KB (67108864 bytes)
  task_num:              1
  threads_per_block:     256
  blocks_per_grid:       auto-calculate

Found 8 CUDA device(s)
Using device: NVIDIA A800-SXM4-80GB


[Test 2] GPU Tensor -> GPU Encoding -> GPU Tensor (Zero-Copy Mode)
-------------------------------------------------------------------
✓ Worker initialized: k=2, m=1, w=4, block_size=65536 KB
✓ CUDA config: threads_per_block=256, blocks_per_grid=32768
✓ GPU memory allocated (aligned: input=131072 KB, output=65536 KB)
✓ GPU input data prepared (134217728 bytes)
✓ Zero-copy mode enabled (no H2D/D2H transfers)
Running encoding (zero-copy mode)...
✓ Zero-copy encoding completed successfully
  Encoding time: 0.238 ms
  Throughput: 537815.13 MB/s
  Note: Zero-copy mode eliminates PCIe transfer overhead!

==================================================
Test Summary: 1/1 tests passed
==================================================
[0;34mRunning: XOR | Block=1024 KB | Threads=256 | Blocks=0 | Tasks=1[0m
==================================================
G-CRSPCIE GPU Tensor Zero-Copy Encoding Tests
==================================================
Configuration:
  k (data blocks):        2
  m (parity blocks):      2
  w (Galois field width): 4
  block_size:            1024 KB (1048576 bytes)
  task_num:              1
  threads_per_block:     256
  blocks_per_grid:       auto-calculate

Found 8 CUDA device(s)
Using device: NVIDIA A800-SXM4-80GB


[Test 4] XOR Operation Test
---------------------------
✓ Configuration: k=2, block_size=1024 KB
✓ GPU memory allocated (input=2048 KB, output=1024 KB)
✓ GPU input data prepared (2097152 bytes)
✓ CUDA config: threads_per_block=256, blocks_per_grid=512
Running warm-up...
Running XOR operation (10 iterations)...
✓ XOR operation completed successfully
  Average time (10 iterations): 0.008 ms
  Throughput: 250400.63 MB/s
  Note: XOR is simpler than EC encoding, should be faster!
  WARNING: XOR result is all zeros (inputs might be identical)

==================================================
Test Summary: 1/1 tests passed
==================================================
[0;34mRunning: EC | Block=1024 KB | Threads=256 | Blocks=0 | Tasks=1[0m
==================================================
G-CRSPCIE GPU Tensor Zero-Copy Encoding Tests
==================================================
Configuration:
  k (data blocks):        2
  m (parity blocks):      1
  w (Galois field width): 4
  block_size:            1024 KB (1048576 bytes)
  task_num:              1
  threads_per_block:     256
  blocks_per_grid:       auto-calculate

Found 8 CUDA device(s)
Using device: NVIDIA A800-SXM4-80GB


[Test 2] GPU Tensor -> GPU Encoding -> GPU Tensor (Zero-Copy Mode)
-------------------------------------------------------------------
✓ Worker initialized: k=2, m=1, w=4, block_size=1024 KB
✓ CUDA config: threads_per_block=256, blocks_per_grid=512
✓ GPU memory allocated (aligned: input=2048 KB, output=1024 KB)
✓ GPU input data prepared (2097152 bytes)
✓ Zero-copy mode enabled (no H2D/D2H transfers)
Running encoding (zero-copy mode)...
✓ Zero-copy encoding completed successfully
  Encoding time: 0.065 ms
  Throughput: 30769.23 MB/s
  Note: Zero-copy mode eliminates PCIe transfer overhead!

==================================================
Test Summary: 1/1 tests passed
==================================================
[0;34mRunning: XOR | Block=2048 KB | Threads=256 | Blocks=0 | Tasks=1[0m
==================================================
G-CRSPCIE GPU Tensor Zero-Copy Encoding Tests
==================================================
Configuration:
  k (data blocks):        2
  m (parity blocks):      2
  w (Galois field width): 4
  block_size:            2048 KB (2097152 bytes)
  task_num:              1
  threads_per_block:     256
  blocks_per_grid:       auto-calculate

Found 8 CUDA device(s)
Using device: NVIDIA A800-SXM4-80GB


[Test 4] XOR Operation Test
---------------------------
✓ Configuration: k=2, block_size=2048 KB
✓ GPU memory allocated (input=4096 KB, output=2048 KB)
✓ GPU input data prepared (4194304 bytes)
✓ CUDA config: threads_per_block=256, blocks_per_grid=1024
Running warm-up...
Running XOR operation (10 iterations)...
✓ XOR operation completed successfully
  Average time (10 iterations): 0.009 ms
  Throughput: 443892.01 MB/s
  Note: XOR is simpler than EC encoding, should be faster!
  WARNING: XOR result is all zeros (inputs might be identical)

==================================================
Test Summary: 1/1 tests passed
==================================================
[0;34mRunning: EC | Block=2048 KB | Threads=256 | Blocks=0 | Tasks=1[0m
==================================================
G-CRSPCIE GPU Tensor Zero-Copy Encoding Tests
==================================================
Configuration:
  k (data blocks):        2
  m (parity blocks):      1
  w (Galois field width): 4
  block_size:            2048 KB (2097152 bytes)
  task_num:              1
  threads_per_block:     256
  blocks_per_grid:       auto-calculate

Found 8 CUDA device(s)
Using device: NVIDIA A800-SXM4-80GB


[Test 2] GPU Tensor -> GPU Encoding -> GPU Tensor (Zero-Copy Mode)
-------------------------------------------------------------------
✓ Worker initialized: k=2, m=1, w=4, block_size=2048 KB
✓ CUDA config: threads_per_block=256, blocks_per_grid=1024
✓ GPU memory allocated (aligned: input=4096 KB, output=2048 KB)
✓ GPU input data prepared (4194304 bytes)
✓ Zero-copy mode enabled (no H2D/D2H transfers)
Running encoding (zero-copy mode)...
✓ Zero-copy encoding completed successfully
  Encoding time: 0.059 ms
  Throughput: 67796.61 MB/s
  Note: Zero-copy mode eliminates PCIe transfer overhead!

==================================================
Test Summary: 1/1 tests passed
==================================================
[0;34mRunning: XOR | Block=4096 KB | Threads=256 | Blocks=0 | Tasks=1[0m
==================================================
G-CRSPCIE GPU Tensor Zero-Copy Encoding Tests
==================================================
Configuration:
  k (data blocks):        2
  m (parity blocks):      2
  w (Galois field width): 4
  block_size:            4096 KB (4194304 bytes)
  task_num:              1
  threads_per_block:     256
  blocks_per_grid:       auto-calculate

Found 8 CUDA device(s)
Using device: NVIDIA A800-SXM4-80GB


[Test 4] XOR Operation Test
---------------------------
✓ Configuration: k=2, block_size=4096 KB
✓ GPU memory allocated (input=8192 KB, output=4096 KB)
✓ GPU input data prepared (8388608 bytes)
✓ CUDA config: threads_per_block=256, blocks_per_grid=2048
Running warm-up...
Running XOR operation (10 iterations)...
✓ XOR operation completed successfully
  Average time (10 iterations): 0.011 ms
  Throughput: 758495.13 MB/s
  Note: XOR is simpler than EC encoding, should be faster!
  WARNING: XOR result is all zeros (inputs might be identical)

==================================================
Test Summary: 1/1 tests passed
==================================================
[0;34mRunning: EC | Block=4096 KB | Threads=256 | Blocks=0 | Tasks=1[0m
==================================================
G-CRSPCIE GPU Tensor Zero-Copy Encoding Tests
==================================================
Configuration:
  k (data blocks):        2
  m (parity blocks):      1
  w (Galois field width): 4
  block_size:            4096 KB (4194304 bytes)
  task_num:              1
  threads_per_block:     256
  blocks_per_grid:       auto-calculate

Found 8 CUDA device(s)
Using device: NVIDIA A800-SXM4-80GB


[Test 2] GPU Tensor -> GPU Encoding -> GPU Tensor (Zero-Copy Mode)
-------------------------------------------------------------------
✓ Worker initialized: k=2, m=1, w=4, block_size=4096 KB
✓ CUDA config: threads_per_block=256, blocks_per_grid=2048
✓ GPU memory allocated (aligned: input=8192 KB, output=4096 KB)
✓ GPU input data prepared (8388608 bytes)
✓ Zero-copy mode enabled (no H2D/D2H transfers)
Running encoding (zero-copy mode)...
✓ Zero-copy encoding completed successfully
  Encoding time: 0.065 ms
  Throughput: 123076.92 MB/s
  Note: Zero-copy mode eliminates PCIe transfer overhead!

==================================================
Test Summary: 1/1 tests passed
==================================================
[0;34mRunning: XOR | Block=8192 KB | Threads=256 | Blocks=0 | Tasks=1[0m
==================================================
G-CRSPCIE GPU Tensor Zero-Copy Encoding Tests
==================================================
Configuration:
  k (data blocks):        2
  m (parity blocks):      2
  w (Galois field width): 4
  block_size:            8192 KB (8388608 bytes)
  task_num:              1
  threads_per_block:     256
  blocks_per_grid:       auto-calculate

Found 8 CUDA device(s)
Using device: NVIDIA A800-SXM4-80GB


[Test 4] XOR Operation Test
---------------------------
✓ Configuration: k=2, block_size=8192 KB
✓ GPU memory allocated (input=16384 KB, output=8192 KB)
✓ GPU input data prepared (16777216 bytes)
✓ CUDA config: threads_per_block=256, blocks_per_grid=4096
Running warm-up...
Running XOR operation (10 iterations)...
✓ XOR operation completed successfully
  Average time (10 iterations): 0.015 ms
  Throughput: 1092657.36 MB/s
  Note: XOR is simpler than EC encoding, should be faster!
  WARNING: XOR result is all zeros (inputs might be identical)

==================================================
Test Summary: 1/1 tests passed
==================================================
[0;34mRunning: EC | Block=8192 KB | Threads=256 | Blocks=0 | Tasks=1[0m
==================================================
G-CRSPCIE GPU Tensor Zero-Copy Encoding Tests
==================================================
Configuration:
  k (data blocks):        2
  m (parity blocks):      1
  w (Galois field width): 4
  block_size:            8192 KB (8388608 bytes)
  task_num:              1
  threads_per_block:     256
  blocks_per_grid:       auto-calculate

Found 8 CUDA device(s)
Using device: NVIDIA A800-SXM4-80GB


[Test 2] GPU Tensor -> GPU Encoding -> GPU Tensor (Zero-Copy Mode)
-------------------------------------------------------------------
✓ Worker initialized: k=2, m=1, w=4, block_size=8192 KB
✓ CUDA config: threads_per_block=256, blocks_per_grid=4096
✓ GPU memory allocated (aligned: input=16384 KB, output=8192 KB)
✓ GPU input data prepared (16777216 bytes)
✓ Zero-copy mode enabled (no H2D/D2H transfers)
Running encoding (zero-copy mode)...
✓ Zero-copy encoding completed successfully
  Encoding time: 0.072 ms
  Throughput: 222222.22 MB/s
  Note: Zero-copy mode eliminates PCIe transfer overhead!

==================================================
Test Summary: 1/1 tests passed
==================================================
[0;34mRunning: XOR | Block=16384 KB | Threads=256 | Blocks=0 | Tasks=1[0m
==================================================
G-CRSPCIE GPU Tensor Zero-Copy Encoding Tests
==================================================
Configuration:
  k (data blocks):        2
  m (parity blocks):      2
  w (Galois field width): 4
  block_size:            16384 KB (16777216 bytes)
  task_num:              1
  threads_per_block:     256
  blocks_per_grid:       auto-calculate

Found 8 CUDA device(s)
Using device: NVIDIA A800-SXM4-80GB


[Test 4] XOR Operation Test
---------------------------
✓ Configuration: k=2, block_size=16384 KB
✓ GPU memory allocated (input=32768 KB, output=16384 KB)
✓ GPU input data prepared (33554432 bytes)
✓ CUDA config: threads_per_block=256, blocks_per_grid=8192
Running warm-up...
Running XOR operation (10 iterations)...
✓ XOR operation completed successfully
  Average time (10 iterations): 0.036 ms
  Throughput: 877809.03 MB/s
  Note: XOR is simpler than EC encoding, should be faster!
  WARNING: XOR result is all zeros (inputs might be identical)

==================================================
Test Summary: 1/1 tests passed
==================================================
[0;34mRunning: EC | Block=16384 KB | Threads=256 | Blocks=0 | Tasks=1[0m
==================================================
G-CRSPCIE GPU Tensor Zero-Copy Encoding Tests
==================================================
Configuration:
  k (data blocks):        2
  m (parity blocks):      1
  w (Galois field width): 4
  block_size:            16384 KB (16777216 bytes)
  task_num:              1
  threads_per_block:     256
  blocks_per_grid:       auto-calculate

Found 8 CUDA device(s)
Using device: NVIDIA A800-SXM4-80GB


[Test 2] GPU Tensor -> GPU Encoding -> GPU Tensor (Zero-Copy Mode)
-------------------------------------------------------------------
✓ Worker initialized: k=2, m=1, w=4, block_size=16384 KB
✓ CUDA config: threads_per_block=256, blocks_per_grid=8192
✓ GPU memory allocated (aligned: input=32768 KB, output=16384 KB)
✓ GPU input data prepared (33554432 bytes)
✓ Zero-copy mode enabled (no H2D/D2H transfers)
Running encoding (zero-copy mode)...
✓ Zero-copy encoding completed successfully
  Encoding time: 0.139 ms
  Throughput: 230215.83 MB/s
  Note: Zero-copy mode eliminates PCIe transfer overhead!

==================================================
Test Summary: 1/1 tests passed
==================================================
[0;34mRunning: XOR | Block=32768 KB | Threads=256 | Blocks=0 | Tasks=1[0m
==================================================
G-CRSPCIE GPU Tensor Zero-Copy Encoding Tests
==================================================
Configuration:
  k (data blocks):        2
  m (parity blocks):      2
  w (Galois field width): 4
  block_size:            32768 KB (33554432 bytes)
  task_num:              1
  threads_per_block:     256
  blocks_per_grid:       auto-calculate

Found 8 CUDA device(s)
Using device: NVIDIA A800-SXM4-80GB


[Test 4] XOR Operation Test
---------------------------
✓ Configuration: k=2, block_size=32768 KB
✓ GPU memory allocated (input=65536 KB, output=32768 KB)
✓ GPU input data prepared (67108864 bytes)
✓ CUDA config: threads_per_block=256, blocks_per_grid=16384
Running warm-up...
Running XOR operation (10 iterations)...
✓ XOR operation completed successfully
  Average time (10 iterations): 0.066 ms
  Throughput: 976562.50 MB/s
  Note: XOR is simpler than EC encoding, should be faster!
  WARNING: XOR result is all zeros (inputs might be identical)

==================================================
Test Summary: 1/1 tests passed
==================================================
[0;34mRunning: EC | Block=32768 KB | Threads=256 | Blocks=0 | Tasks=1[0m
==================================================
G-CRSPCIE GPU Tensor Zero-Copy Encoding Tests
==================================================
Configuration:
  k (data blocks):        2
  m (parity blocks):      1
  w (Galois field width): 4
  block_size:            32768 KB (33554432 bytes)
  task_num:              1
  threads_per_block:     256
  blocks_per_grid:       auto-calculate

Found 8 CUDA device(s)
Using device: NVIDIA A800-SXM4-80GB


[Test 2] GPU Tensor -> GPU Encoding -> GPU Tensor (Zero-Copy Mode)
-------------------------------------------------------------------
✓ Worker initialized: k=2, m=1, w=4, block_size=32768 KB
✓ CUDA config: threads_per_block=256, blocks_per_grid=16384
✓ GPU memory allocated (aligned: input=65536 KB, output=32768 KB)
✓ GPU input data prepared (67108864 bytes)
✓ Zero-copy mode enabled (no H2D/D2H transfers)
Running encoding (zero-copy mode)...
✓ Zero-copy encoding completed successfully
  Encoding time: 0.180 ms
  Throughput: 355555.56 MB/s
  Note: Zero-copy mode eliminates PCIe transfer overhead!

==================================================
Test Summary: 1/1 tests passed
==================================================
[0;34mRunning: XOR | Block=65536 KB | Threads=256 | Blocks=0 | Tasks=1[0m
==================================================
G-CRSPCIE GPU Tensor Zero-Copy Encoding Tests
==================================================
Configuration:
  k (data blocks):        2
  m (parity blocks):      2
  w (Galois field width): 4
  block_size:            65536 KB (67108864 bytes)
  task_num:              1
  threads_per_block:     256
  blocks_per_grid:       auto-calculate

Found 8 CUDA device(s)
Using device: NVIDIA A800-SXM4-80GB


[Test 4] XOR Operation Test
---------------------------
✓ Configuration: k=2, block_size=65536 KB
✓ GPU memory allocated (input=131072 KB, output=65536 KB)
✓ GPU input data prepared (134217728 bytes)
✓ CUDA config: threads_per_block=256, blocks_per_grid=32768
Running warm-up...
Running XOR operation (10 iterations)...
✓ XOR operation completed successfully
  Average time (10 iterations): 0.122 ms
  Throughput: 1047778.78 MB/s
  Note: XOR is simpler than EC encoding, should be faster!
  WARNING: XOR result is all zeros (inputs might be identical)

==================================================
Test Summary: 1/1 tests passed
==================================================
[0;34mRunning: EC | Block=65536 KB | Threads=256 | Blocks=0 | Tasks=1[0m
==================================================
G-CRSPCIE GPU Tensor Zero-Copy Encoding Tests
==================================================
Configuration:
  k (data blocks):        2
  m (parity blocks):      1
  w (Galois field width): 4
  block_size:            65536 KB (67108864 bytes)
  task_num:              1
  threads_per_block:     256
  blocks_per_grid:       auto-calculate

Found 8 CUDA device(s)
Using device: NVIDIA A800-SXM4-80GB


[Test 2] GPU Tensor -> GPU Encoding -> GPU Tensor (Zero-Copy Mode)
-------------------------------------------------------------------
✓ Worker initialized: k=2, m=1, w=4, block_size=65536 KB
✓ CUDA config: threads_per_block=256, blocks_per_grid=32768
✓ GPU memory allocated (aligned: input=131072 KB, output=65536 KB)
✓ GPU input data prepared (134217728 bytes)
✓ Zero-copy mode enabled (no H2D/D2H transfers)
Running encoding (zero-copy mode)...
✓ Zero-copy encoding completed successfully
  Encoding time: 0.234 ms
  Throughput: 547008.55 MB/s
  Note: Zero-copy mode eliminates PCIe transfer overhead!

==================================================
Test Summary: 1/1 tests passed
==================================================
