[0;34mRunning: XOR | Block=64 KB | Threads=128 | Blocks=0 | Tasks=1[0m
==================================================
G-CRSPCIE GPU Tensor Zero-Copy Encoding Tests
==================================================
Configuration:
  k (data blocks):        2
  m (parity blocks):      2
  w (Galois field width): 4
  block_size:            64 KB (65536 bytes)
  task_num:              1
  threads_per_block:     128
  blocks_per_grid:       auto-calculate

Found 8 CUDA device(s)
Using device: NVIDIA A800-SXM4-80GB


[Test 4] XOR Operation Test
---------------------------
✓ Configuration: k=2, block_size=64 KB
✓ GPU memory allocated (input=128 KB, output=64 KB)
✓ GPU input data prepared (131072 bytes)
✓ CUDA config: threads_per_block=128, blocks_per_grid=64
Running XOR operation (10 iterations)...
✓ XOR operation completed successfully
  Average time (10 iterations): 16.269 ms
  Throughput: 7.68 MB/s
  Note: XOR is simpler than EC encoding, should be faster!
  WARNING: XOR result is all zeros (inputs might be identical)

==================================================
Test Summary: 1/1 tests passed
==================================================
[0;34mRunning: EC | Block=64 KB | Threads=128 | Blocks=0 | Tasks=1[0m
==================================================
G-CRSPCIE GPU Tensor Zero-Copy Encoding Tests
==================================================
Configuration:
  k (data blocks):        2
  m (parity blocks):      1
  w (Galois field width): 4
  block_size:            64 KB (65536 bytes)
  task_num:              1
  threads_per_block:     128
  blocks_per_grid:       auto-calculate

Found 8 CUDA device(s)
Using device: NVIDIA A800-SXM4-80GB


[Test 2] GPU Tensor -> GPU Encoding -> GPU Tensor (Zero-Copy Mode)
-------------------------------------------------------------------
✓ Worker initialized: k=2, m=1, w=4, block_size=64 KB
✓ CUDA config: threads_per_block=128, blocks_per_grid=64
✓ GPU memory allocated (aligned: input=128 KB, output=64 KB)
✓ GPU input data prepared (131072 bytes)
✓ Zero-copy mode enabled (no H2D/D2H transfers)
Running encoding (zero-copy mode)...
✓ Zero-copy encoding completed successfully
  Encoding time: 0.048 ms
  Throughput: 2604.17 MB/s
  Note: Zero-copy mode eliminates PCIe transfer overhead!

==================================================
Test Summary: 1/1 tests passed
==================================================
[0;34mRunning: XOR | Block=128 KB | Threads=128 | Blocks=0 | Tasks=1[0m
==================================================
G-CRSPCIE GPU Tensor Zero-Copy Encoding Tests
==================================================
Configuration:
  k (data blocks):        2
  m (parity blocks):      2
  w (Galois field width): 4
  block_size:            128 KB (131072 bytes)
  task_num:              1
  threads_per_block:     128
  blocks_per_grid:       auto-calculate

Found 8 CUDA device(s)
Using device: NVIDIA A800-SXM4-80GB


[Test 4] XOR Operation Test
---------------------------
✓ Configuration: k=2, block_size=128 KB
✓ GPU memory allocated (input=256 KB, output=128 KB)
✓ GPU input data prepared (262144 bytes)
✓ CUDA config: threads_per_block=128, blocks_per_grid=128
Running XOR operation (10 iterations)...
✓ XOR operation completed successfully
  Average time (10 iterations): 16.229 ms
  Throughput: 15.40 MB/s
  Note: XOR is simpler than EC encoding, should be faster!
  WARNING: XOR result is all zeros (inputs might be identical)

==================================================
Test Summary: 1/1 tests passed
==================================================
[0;34mRunning: EC | Block=128 KB | Threads=128 | Blocks=0 | Tasks=1[0m
==================================================
G-CRSPCIE GPU Tensor Zero-Copy Encoding Tests
==================================================
Configuration:
  k (data blocks):        2
  m (parity blocks):      1
  w (Galois field width): 4
  block_size:            128 KB (131072 bytes)
  task_num:              1
  threads_per_block:     128
  blocks_per_grid:       auto-calculate

Found 8 CUDA device(s)
Using device: NVIDIA A800-SXM4-80GB


[Test 2] GPU Tensor -> GPU Encoding -> GPU Tensor (Zero-Copy Mode)
-------------------------------------------------------------------
✓ Worker initialized: k=2, m=1, w=4, block_size=128 KB
✓ CUDA config: threads_per_block=128, blocks_per_grid=128
✓ GPU memory allocated (aligned: input=256 KB, output=128 KB)
✓ GPU input data prepared (262144 bytes)
✓ Zero-copy mode enabled (no H2D/D2H transfers)
Running encoding (zero-copy mode)...
✓ Zero-copy encoding completed successfully
  Encoding time: 0.049 ms
  Throughput: 5102.04 MB/s
  Note: Zero-copy mode eliminates PCIe transfer overhead!

==================================================
Test Summary: 1/1 tests passed
==================================================
[0;34mRunning: XOR | Block=256 KB | Threads=128 | Blocks=0 | Tasks=1[0m
==================================================
G-CRSPCIE GPU Tensor Zero-Copy Encoding Tests
==================================================
Configuration:
  k (data blocks):        2
  m (parity blocks):      2
  w (Galois field width): 4
  block_size:            256 KB (262144 bytes)
  task_num:              1
  threads_per_block:     128
  blocks_per_grid:       auto-calculate

Found 8 CUDA device(s)
Using device: NVIDIA A800-SXM4-80GB


[Test 4] XOR Operation Test
---------------------------
✓ Configuration: k=2, block_size=256 KB
✓ GPU memory allocated (input=512 KB, output=256 KB)
✓ GPU input data prepared (524288 bytes)
✓ CUDA config: threads_per_block=128, blocks_per_grid=256
Running XOR operation (10 iterations)...
✓ XOR operation completed successfully
  Average time (10 iterations): 16.215 ms
  Throughput: 30.84 MB/s
  Note: XOR is simpler than EC encoding, should be faster!
  WARNING: XOR result is all zeros (inputs might be identical)

==================================================
Test Summary: 1/1 tests passed
==================================================
[0;34mRunning: EC | Block=256 KB | Threads=128 | Blocks=0 | Tasks=1[0m
==================================================
G-CRSPCIE GPU Tensor Zero-Copy Encoding Tests
==================================================
Configuration:
  k (data blocks):        2
  m (parity blocks):      1
  w (Galois field width): 4
  block_size:            256 KB (262144 bytes)
  task_num:              1
  threads_per_block:     128
  blocks_per_grid:       auto-calculate

Found 8 CUDA device(s)
Using device: NVIDIA A800-SXM4-80GB


[Test 2] GPU Tensor -> GPU Encoding -> GPU Tensor (Zero-Copy Mode)
-------------------------------------------------------------------
✓ Worker initialized: k=2, m=1, w=4, block_size=256 KB
✓ CUDA config: threads_per_block=128, blocks_per_grid=256
✓ GPU memory allocated (aligned: input=512 KB, output=256 KB)
✓ GPU input data prepared (524288 bytes)
✓ Zero-copy mode enabled (no H2D/D2H transfers)
Running encoding (zero-copy mode)...
✓ Zero-copy encoding completed successfully
  Encoding time: 0.051 ms
  Throughput: 9803.92 MB/s
  Note: Zero-copy mode eliminates PCIe transfer overhead!

==================================================
Test Summary: 1/1 tests passed
==================================================
[0;34mRunning: XOR | Block=512 KB | Threads=128 | Blocks=0 | Tasks=1[0m
==================================================
G-CRSPCIE GPU Tensor Zero-Copy Encoding Tests
==================================================
Configuration:
  k (data blocks):        2
  m (parity blocks):      2
  w (Galois field width): 4
  block_size:            512 KB (524288 bytes)
  task_num:              1
  threads_per_block:     128
  blocks_per_grid:       auto-calculate

Found 8 CUDA device(s)
Using device: NVIDIA A800-SXM4-80GB


[Test 4] XOR Operation Test
---------------------------
✓ Configuration: k=2, block_size=512 KB
✓ GPU memory allocated (input=1024 KB, output=512 KB)
✓ GPU input data prepared (1048576 bytes)
✓ CUDA config: threads_per_block=128, blocks_per_grid=512
Running XOR operation (10 iterations)...
✓ XOR operation completed successfully
  Average time (10 iterations): 16.231 ms
  Throughput: 61.61 MB/s
  Note: XOR is simpler than EC encoding, should be faster!
  WARNING: XOR result is all zeros (inputs might be identical)

==================================================
Test Summary: 1/1 tests passed
==================================================
[0;34mRunning: EC | Block=512 KB | Threads=128 | Blocks=0 | Tasks=1[0m
==================================================
G-CRSPCIE GPU Tensor Zero-Copy Encoding Tests
==================================================
Configuration:
  k (data blocks):        2
  m (parity blocks):      1
  w (Galois field width): 4
  block_size:            512 KB (524288 bytes)
  task_num:              1
  threads_per_block:     128
  blocks_per_grid:       auto-calculate

Found 8 CUDA device(s)
Using device: NVIDIA A800-SXM4-80GB


[Test 2] GPU Tensor -> GPU Encoding -> GPU Tensor (Zero-Copy Mode)
-------------------------------------------------------------------
✓ Worker initialized: k=2, m=1, w=4, block_size=512 KB
✓ CUDA config: threads_per_block=128, blocks_per_grid=512
✓ GPU memory allocated (aligned: input=1024 KB, output=512 KB)
✓ GPU input data prepared (1048576 bytes)
✓ Zero-copy mode enabled (no H2D/D2H transfers)
Running encoding (zero-copy mode)...
✓ Zero-copy encoding completed successfully
  Encoding time: 0.071 ms
  Throughput: 14084.51 MB/s
  Note: Zero-copy mode eliminates PCIe transfer overhead!

==================================================
Test Summary: 1/1 tests passed
==================================================
[0;34mRunning: XOR | Block=1024 KB | Threads=128 | Blocks=0 | Tasks=1[0m
==================================================
G-CRSPCIE GPU Tensor Zero-Copy Encoding Tests
==================================================
Configuration:
  k (data blocks):        2
  m (parity blocks):      2
  w (Galois field width): 4
  block_size:            1024 KB (1048576 bytes)
  task_num:              1
  threads_per_block:     128
  blocks_per_grid:       auto-calculate

Found 8 CUDA device(s)
Using device: NVIDIA A800-SXM4-80GB


[Test 4] XOR Operation Test
---------------------------
✓ Configuration: k=2, block_size=1024 KB
✓ GPU memory allocated (input=2048 KB, output=1024 KB)
✓ GPU input data prepared (2097152 bytes)
✓ CUDA config: threads_per_block=128, blocks_per_grid=1024
Running XOR operation (10 iterations)...
✓ XOR operation completed successfully
  Average time (10 iterations): 16.174 ms
  Throughput: 123.65 MB/s
  Note: XOR is simpler than EC encoding, should be faster!
  WARNING: XOR result is all zeros (inputs might be identical)

==================================================
Test Summary: 1/1 tests passed
==================================================
[0;34mRunning: EC | Block=1024 KB | Threads=128 | Blocks=0 | Tasks=1[0m
==================================================
G-CRSPCIE GPU Tensor Zero-Copy Encoding Tests
==================================================
Configuration:
  k (data blocks):        2
  m (parity blocks):      1
  w (Galois field width): 4
  block_size:            1024 KB (1048576 bytes)
  task_num:              1
  threads_per_block:     128
  blocks_per_grid:       auto-calculate

Found 8 CUDA device(s)
Using device: NVIDIA A800-SXM4-80GB


[Test 2] GPU Tensor -> GPU Encoding -> GPU Tensor (Zero-Copy Mode)
-------------------------------------------------------------------
✓ Worker initialized: k=2, m=1, w=4, block_size=1024 KB
✓ CUDA config: threads_per_block=128, blocks_per_grid=1024
✓ GPU memory allocated (aligned: input=2048 KB, output=1024 KB)
✓ GPU input data prepared (2097152 bytes)
✓ Zero-copy mode enabled (no H2D/D2H transfers)
Running encoding (zero-copy mode)...
✓ Zero-copy encoding completed successfully
  Encoding time: 0.063 ms
  Throughput: 31746.03 MB/s
  Note: Zero-copy mode eliminates PCIe transfer overhead!

==================================================
Test Summary: 1/1 tests passed
==================================================
[0;34mRunning: XOR | Block=2048 KB | Threads=128 | Blocks=0 | Tasks=1[0m
==================================================
G-CRSPCIE GPU Tensor Zero-Copy Encoding Tests
==================================================
Configuration:
  k (data blocks):        2
  m (parity blocks):      2
  w (Galois field width): 4
  block_size:            2048 KB (2097152 bytes)
  task_num:              1
  threads_per_block:     128
  blocks_per_grid:       auto-calculate

Found 8 CUDA device(s)
Using device: NVIDIA A800-SXM4-80GB


[Test 4] XOR Operation Test
---------------------------
✓ Configuration: k=2, block_size=2048 KB
✓ GPU memory allocated (input=4096 KB, output=2048 KB)
✓ GPU input data prepared (4194304 bytes)
✓ CUDA config: threads_per_block=128, blocks_per_grid=2048
Running XOR operation (10 iterations)...
✓ XOR operation completed successfully
  Average time (10 iterations): 16.224 ms
  Throughput: 246.56 MB/s
  Note: XOR is simpler than EC encoding, should be faster!
  WARNING: XOR result is all zeros (inputs might be identical)

==================================================
Test Summary: 1/1 tests passed
==================================================
[0;34mRunning: EC | Block=2048 KB | Threads=128 | Blocks=0 | Tasks=1[0m
==================================================
G-CRSPCIE GPU Tensor Zero-Copy Encoding Tests
==================================================
Configuration:
  k (data blocks):        2
  m (parity blocks):      1
  w (Galois field width): 4
  block_size:            2048 KB (2097152 bytes)
  task_num:              1
  threads_per_block:     128
  blocks_per_grid:       auto-calculate

Found 8 CUDA device(s)
Using device: NVIDIA A800-SXM4-80GB


[Test 2] GPU Tensor -> GPU Encoding -> GPU Tensor (Zero-Copy Mode)
-------------------------------------------------------------------
✓ Worker initialized: k=2, m=1, w=4, block_size=2048 KB
✓ CUDA config: threads_per_block=128, blocks_per_grid=2048
✓ GPU memory allocated (aligned: input=4096 KB, output=2048 KB)
✓ GPU input data prepared (4194304 bytes)
✓ Zero-copy mode enabled (no H2D/D2H transfers)
Running encoding (zero-copy mode)...
✓ Zero-copy encoding completed successfully
  Encoding time: 0.057 ms
  Throughput: 70175.44 MB/s
  Note: Zero-copy mode eliminates PCIe transfer overhead!

==================================================
Test Summary: 1/1 tests passed
==================================================
[0;34mRunning: XOR | Block=256 KB | Threads=64 | Blocks=0 | Tasks=1[0m
==================================================
G-CRSPCIE GPU Tensor Zero-Copy Encoding Tests
==================================================
Configuration:
  k (data blocks):        2
  m (parity blocks):      2
  w (Galois field width): 4
  block_size:            256 KB (262144 bytes)
  task_num:              1
  threads_per_block:     64
  blocks_per_grid:       auto-calculate

Found 8 CUDA device(s)
Using device: NVIDIA A800-SXM4-80GB


[Test 4] XOR Operation Test
---------------------------
✓ Configuration: k=2, block_size=256 KB
✓ GPU memory allocated (input=512 KB, output=256 KB)
✓ GPU input data prepared (524288 bytes)
✓ CUDA config: threads_per_block=64, blocks_per_grid=512
Running XOR operation (10 iterations)...
✓ XOR operation completed successfully
  Average time (10 iterations): 16.206 ms
  Throughput: 30.85 MB/s
  Note: XOR is simpler than EC encoding, should be faster!
  WARNING: XOR result is all zeros (inputs might be identical)

==================================================
Test Summary: 1/1 tests passed
==================================================
[0;34mRunning: EC | Block=256 KB | Threads=64 | Blocks=0 | Tasks=1[0m
==================================================
G-CRSPCIE GPU Tensor Zero-Copy Encoding Tests
==================================================
Configuration:
  k (data blocks):        2
  m (parity blocks):      1
  w (Galois field width): 4
  block_size:            256 KB (262144 bytes)
  task_num:              1
  threads_per_block:     64
  blocks_per_grid:       auto-calculate

Found 8 CUDA device(s)
Using device: NVIDIA A800-SXM4-80GB


[Test 2] GPU Tensor -> GPU Encoding -> GPU Tensor (Zero-Copy Mode)
-------------------------------------------------------------------
✓ Worker initialized: k=2, m=1, w=4, block_size=256 KB
✓ CUDA config: threads_per_block=64, blocks_per_grid=512
✓ GPU memory allocated (aligned: input=512 KB, output=256 KB)
✓ GPU input data prepared (524288 bytes)
✓ Zero-copy mode enabled (no H2D/D2H transfers)
Running encoding (zero-copy mode)...
✓ Zero-copy encoding completed successfully
  Encoding time: 0.053 ms
  Throughput: 9433.96 MB/s
  Note: Zero-copy mode eliminates PCIe transfer overhead!

==================================================
Test Summary: 1/1 tests passed
==================================================
[0;34mRunning: XOR | Block=256 KB | Threads=128 | Blocks=0 | Tasks=1[0m
==================================================
G-CRSPCIE GPU Tensor Zero-Copy Encoding Tests
==================================================
Configuration:
  k (data blocks):        2
  m (parity blocks):      2
  w (Galois field width): 4
  block_size:            256 KB (262144 bytes)
  task_num:              1
  threads_per_block:     128
  blocks_per_grid:       auto-calculate

Found 8 CUDA device(s)
Using device: NVIDIA A800-SXM4-80GB


[Test 4] XOR Operation Test
---------------------------
✓ Configuration: k=2, block_size=256 KB
✓ GPU memory allocated (input=512 KB, output=256 KB)
✓ GPU input data prepared (524288 bytes)
✓ CUDA config: threads_per_block=128, blocks_per_grid=256
Running XOR operation (10 iterations)...
✓ XOR operation completed successfully
  Average time (10 iterations): 16.201 ms
  Throughput: 30.86 MB/s
  Note: XOR is simpler than EC encoding, should be faster!
  WARNING: XOR result is all zeros (inputs might be identical)

==================================================
Test Summary: 1/1 tests passed
==================================================
[0;34mRunning: EC | Block=256 KB | Threads=128 | Blocks=0 | Tasks=1[0m
==================================================
G-CRSPCIE GPU Tensor Zero-Copy Encoding Tests
==================================================
Configuration:
  k (data blocks):        2
  m (parity blocks):      1
  w (Galois field width): 4
  block_size:            256 KB (262144 bytes)
  task_num:              1
  threads_per_block:     128
  blocks_per_grid:       auto-calculate

Found 8 CUDA device(s)
Using device: NVIDIA A800-SXM4-80GB


[Test 2] GPU Tensor -> GPU Encoding -> GPU Tensor (Zero-Copy Mode)
-------------------------------------------------------------------
✓ Worker initialized: k=2, m=1, w=4, block_size=256 KB
✓ CUDA config: threads_per_block=128, blocks_per_grid=256
✓ GPU memory allocated (aligned: input=512 KB, output=256 KB)
✓ GPU input data prepared (524288 bytes)
✓ Zero-copy mode enabled (no H2D/D2H transfers)
Running encoding (zero-copy mode)...
✓ Zero-copy encoding completed successfully
  Encoding time: 0.052 ms
  Throughput: 9615.38 MB/s
  Note: Zero-copy mode eliminates PCIe transfer overhead!

==================================================
Test Summary: 1/1 tests passed
==================================================
[0;34mRunning: XOR | Block=256 KB | Threads=256 | Blocks=0 | Tasks=1[0m
==================================================
G-CRSPCIE GPU Tensor Zero-Copy Encoding Tests
==================================================
Configuration:
  k (data blocks):        2
  m (parity blocks):      2
  w (Galois field width): 4
  block_size:            256 KB (262144 bytes)
  task_num:              1
  threads_per_block:     256
  blocks_per_grid:       auto-calculate

Found 8 CUDA device(s)
Using device: NVIDIA A800-SXM4-80GB


[Test 4] XOR Operation Test
---------------------------
✓ Configuration: k=2, block_size=256 KB
✓ GPU memory allocated (input=512 KB, output=256 KB)
✓ GPU input data prepared (524288 bytes)
✓ CUDA config: threads_per_block=256, blocks_per_grid=128
Running XOR operation (10 iterations)...
✓ XOR operation completed successfully
  Average time (10 iterations): 16.198 ms
  Throughput: 30.87 MB/s
  Note: XOR is simpler than EC encoding, should be faster!
  WARNING: XOR result is all zeros (inputs might be identical)

==================================================
Test Summary: 1/1 tests passed
==================================================
[0;34mRunning: EC | Block=256 KB | Threads=256 | Blocks=0 | Tasks=1[0m
==================================================
G-CRSPCIE GPU Tensor Zero-Copy Encoding Tests
==================================================
Configuration:
  k (data blocks):        2
  m (parity blocks):      1
  w (Galois field width): 4
  block_size:            256 KB (262144 bytes)
  task_num:              1
  threads_per_block:     256
  blocks_per_grid:       auto-calculate

Found 8 CUDA device(s)
Using device: NVIDIA A800-SXM4-80GB


[Test 2] GPU Tensor -> GPU Encoding -> GPU Tensor (Zero-Copy Mode)
-------------------------------------------------------------------
✓ Worker initialized: k=2, m=1, w=4, block_size=256 KB
✓ CUDA config: threads_per_block=256, blocks_per_grid=128
✓ GPU memory allocated (aligned: input=512 KB, output=256 KB)
✓ GPU input data prepared (524288 bytes)
✓ Zero-copy mode enabled (no H2D/D2H transfers)
Running encoding (zero-copy mode)...
✓ Zero-copy encoding completed successfully
  Encoding time: 0.053 ms
  Throughput: 9433.96 MB/s
  Note: Zero-copy mode eliminates PCIe transfer overhead!

==================================================
Test Summary: 1/1 tests passed
==================================================
[0;34mRunning: XOR | Block=256 KB | Threads=512 | Blocks=0 | Tasks=1[0m
==================================================
G-CRSPCIE GPU Tensor Zero-Copy Encoding Tests
==================================================
Configuration:
  k (data blocks):        2
  m (parity blocks):      2
  w (Galois field width): 4
  block_size:            256 KB (262144 bytes)
  task_num:              1
  threads_per_block:     512
  blocks_per_grid:       auto-calculate

Found 8 CUDA device(s)
Using device: NVIDIA A800-SXM4-80GB


[Test 4] XOR Operation Test
---------------------------
✓ Configuration: k=2, block_size=256 KB
✓ GPU memory allocated (input=512 KB, output=256 KB)
✓ GPU input data prepared (524288 bytes)
✓ CUDA config: threads_per_block=512, blocks_per_grid=64
Running XOR operation (10 iterations)...
✓ XOR operation completed successfully
  Average time (10 iterations): 31.799 ms
  Throughput: 15.72 MB/s
  Note: XOR is simpler than EC encoding, should be faster!
  WARNING: XOR result is all zeros (inputs might be identical)

==================================================
Test Summary: 1/1 tests passed
==================================================
[0;34mRunning: EC | Block=256 KB | Threads=512 | Blocks=0 | Tasks=1[0m
==================================================
G-CRSPCIE GPU Tensor Zero-Copy Encoding Tests
==================================================
Configuration:
  k (data blocks):        2
  m (parity blocks):      1
  w (Galois field width): 4
  block_size:            256 KB (262144 bytes)
  task_num:              1
  threads_per_block:     512
  blocks_per_grid:       auto-calculate

Found 8 CUDA device(s)
Using device: NVIDIA A800-SXM4-80GB


[Test 2] GPU Tensor -> GPU Encoding -> GPU Tensor (Zero-Copy Mode)
-------------------------------------------------------------------
✓ Worker initialized: k=2, m=1, w=4, block_size=256 KB
✓ CUDA config: threads_per_block=512, blocks_per_grid=64
✓ GPU memory allocated (aligned: input=512 KB, output=256 KB)
✓ GPU input data prepared (524288 bytes)
✓ Zero-copy mode enabled (no H2D/D2H transfers)
Running encoding (zero-copy mode)...
✓ Zero-copy encoding completed successfully
  Encoding time: 0.053 ms
  Throughput: 9433.96 MB/s
  Note: Zero-copy mode eliminates PCIe transfer overhead!

==================================================
Test Summary: 1/1 tests passed
==================================================
[0;34mRunning: EC | Block=256 KB | Threads=128 | Blocks=0 | Tasks=1[0m
==================================================
G-CRSPCIE GPU Tensor Zero-Copy Encoding Tests
==================================================
Configuration:
  k (data blocks):        2
  m (parity blocks):      1
  w (Galois field width): 4
  block_size:            256 KB (262144 bytes)
  task_num:              1
  threads_per_block:     128
  blocks_per_grid:       auto-calculate

Found 8 CUDA device(s)
Using device: NVIDIA A800-SXM4-80GB


[Test 2] GPU Tensor -> GPU Encoding -> GPU Tensor (Zero-Copy Mode)
-------------------------------------------------------------------
✓ Worker initialized: k=2, m=1, w=4, block_size=256 KB
✓ CUDA config: threads_per_block=128, blocks_per_grid=256
✓ GPU memory allocated (aligned: input=512 KB, output=256 KB)
✓ GPU input data prepared (524288 bytes)
✓ Zero-copy mode enabled (no H2D/D2H transfers)
Running encoding (zero-copy mode)...
✓ Zero-copy encoding completed successfully
  Encoding time: 0.059 ms
  Throughput: 8474.58 MB/s
  Note: Zero-copy mode eliminates PCIe transfer overhead!

==================================================
Test Summary: 1/1 tests passed
==================================================
[0;34mRunning: EC | Block=256 KB | Threads=128 | Blocks=0 | Tasks=2[0m
==================================================
G-CRSPCIE GPU Tensor Zero-Copy Encoding Tests
==================================================
Configuration:
  k (data blocks):        2
  m (parity blocks):      1
  w (Galois field width): 4
  block_size:            256 KB (262144 bytes)
  task_num:              2
  threads_per_block:     128
  blocks_per_grid:       auto-calculate

Found 8 CUDA device(s)
Using device: NVIDIA A800-SXM4-80GB


[Test 2] GPU Tensor -> GPU Encoding -> GPU Tensor (Zero-Copy Mode)
-------------------------------------------------------------------
✓ Worker initialized: k=2, m=1, w=4, block_size=256 KB
✓ CUDA config: threads_per_block=128, blocks_per_grid=128
✓ GPU memory allocated (aligned: input=512 KB, output=256 KB)
✓ GPU input data prepared (524288 bytes)
✓ Zero-copy mode enabled (no H2D/D2H transfers)
Running encoding (zero-copy mode)...
✓ Zero-copy encoding completed successfully
  Encoding time: 0.067 ms
  Throughput: 7462.69 MB/s
  Note: Zero-copy mode eliminates PCIe transfer overhead!

==================================================
Test Summary: 1/1 tests passed
==================================================
[0;34mRunning: EC | Block=256 KB | Threads=128 | Blocks=0 | Tasks=4[0m
==================================================
G-CRSPCIE GPU Tensor Zero-Copy Encoding Tests
==================================================
Configuration:
  k (data blocks):        2
  m (parity blocks):      1
  w (Galois field width): 4
  block_size:            256 KB (262144 bytes)
  task_num:              4
  threads_per_block:     128
  blocks_per_grid:       auto-calculate

Found 8 CUDA device(s)
Using device: NVIDIA A800-SXM4-80GB


[Test 2] GPU Tensor -> GPU Encoding -> GPU Tensor (Zero-Copy Mode)
-------------------------------------------------------------------
✓ Worker initialized: k=2, m=1, w=4, block_size=256 KB
✓ CUDA config: threads_per_block=128, blocks_per_grid=64
✓ GPU memory allocated (aligned: input=512 KB, output=256 KB)
✓ GPU input data prepared (524288 bytes)
✓ Zero-copy mode enabled (no H2D/D2H transfers)
Running encoding (zero-copy mode)...
✓ Zero-copy encoding completed successfully
  Encoding time: 0.089 ms
  Throughput: 5617.98 MB/s
  Note: Zero-copy mode eliminates PCIe transfer overhead!

==================================================
Test Summary: 1/1 tests passed
==================================================
[0;34mRunning: XOR | Block=512 KB | Threads=256 | Blocks=0 | Tasks=1[0m
==================================================
G-CRSPCIE GPU Tensor Zero-Copy Encoding Tests
==================================================
Configuration:
  k (data blocks):        2
  m (parity blocks):      2
  w (Galois field width): 4
  block_size:            512 KB (524288 bytes)
  task_num:              1
  threads_per_block:     256
  blocks_per_grid:       auto-calculate

Found 8 CUDA device(s)
Using device: NVIDIA A800-SXM4-80GB


[Test 4] XOR Operation Test
---------------------------
✓ Configuration: k=2, block_size=512 KB
✓ GPU memory allocated (input=1024 KB, output=512 KB)
✓ GPU input data prepared (1048576 bytes)
✓ CUDA config: threads_per_block=256, blocks_per_grid=256
Running XOR operation (10 iterations)...
✓ XOR operation completed successfully
  Average time (10 iterations): 16.198 ms
  Throughput: 61.74 MB/s
  Note: XOR is simpler than EC encoding, should be faster!
  WARNING: XOR result is all zeros (inputs might be identical)

==================================================
Test Summary: 1/1 tests passed
==================================================
[0;34mRunning: EC | Block=512 KB | Threads=256 | Blocks=0 | Tasks=1[0m
==================================================
G-CRSPCIE GPU Tensor Zero-Copy Encoding Tests
==================================================
Configuration:
  k (data blocks):        2
  m (parity blocks):      1
  w (Galois field width): 4
  block_size:            512 KB (524288 bytes)
  task_num:              1
  threads_per_block:     256
  blocks_per_grid:       auto-calculate

Found 8 CUDA device(s)
Using device: NVIDIA A800-SXM4-80GB


[Test 2] GPU Tensor -> GPU Encoding -> GPU Tensor (Zero-Copy Mode)
-------------------------------------------------------------------
✓ Worker initialized: k=2, m=1, w=4, block_size=512 KB
✓ CUDA config: threads_per_block=256, blocks_per_grid=256
✓ GPU memory allocated (aligned: input=1024 KB, output=512 KB)
✓ GPU input data prepared (1048576 bytes)
✓ Zero-copy mode enabled (no H2D/D2H transfers)
Running encoding (zero-copy mode)...
✓ Zero-copy encoding completed successfully
  Encoding time: 0.064 ms
  Throughput: 15625.00 MB/s
  Note: Zero-copy mode eliminates PCIe transfer overhead!

==================================================
Test Summary: 1/1 tests passed
==================================================
[0;34mRunning: XOR | Block=1024 KB | Threads=256 | Blocks=0 | Tasks=1[0m
==================================================
G-CRSPCIE GPU Tensor Zero-Copy Encoding Tests
==================================================
Configuration:
  k (data blocks):        2
  m (parity blocks):      2
  w (Galois field width): 4
  block_size:            1024 KB (1048576 bytes)
  task_num:              1
  threads_per_block:     256
  blocks_per_grid:       auto-calculate

Found 8 CUDA device(s)
Using device: NVIDIA A800-SXM4-80GB


[Test 4] XOR Operation Test
---------------------------
✓ Configuration: k=2, block_size=1024 KB
✓ GPU memory allocated (input=2048 KB, output=1024 KB)
✓ GPU input data prepared (2097152 bytes)
✓ CUDA config: threads_per_block=256, blocks_per_grid=512
Running XOR operation (10 iterations)...
✓ XOR operation completed successfully
  Average time (10 iterations): 16.182 ms
  Throughput: 123.59 MB/s
  Note: XOR is simpler than EC encoding, should be faster!
  WARNING: XOR result is all zeros (inputs might be identical)

==================================================
Test Summary: 1/1 tests passed
==================================================
[0;34mRunning: EC | Block=1024 KB | Threads=256 | Blocks=0 | Tasks=1[0m
==================================================
G-CRSPCIE GPU Tensor Zero-Copy Encoding Tests
==================================================
Configuration:
  k (data blocks):        2
  m (parity blocks):      1
  w (Galois field width): 4
  block_size:            1024 KB (1048576 bytes)
  task_num:              1
  threads_per_block:     256
  blocks_per_grid:       auto-calculate

Found 8 CUDA device(s)
Using device: NVIDIA A800-SXM4-80GB


[Test 2] GPU Tensor -> GPU Encoding -> GPU Tensor (Zero-Copy Mode)
-------------------------------------------------------------------
✓ Worker initialized: k=2, m=1, w=4, block_size=1024 KB
✓ CUDA config: threads_per_block=256, blocks_per_grid=512
✓ GPU memory allocated (aligned: input=2048 KB, output=1024 KB)
✓ GPU input data prepared (2097152 bytes)
✓ Zero-copy mode enabled (no H2D/D2H transfers)
Running encoding (zero-copy mode)...
✓ Zero-copy encoding completed successfully
  Encoding time: 0.066 ms
  Throughput: 30303.03 MB/s
  Note: Zero-copy mode eliminates PCIe transfer overhead!

==================================================
Test Summary: 1/1 tests passed
==================================================
[0;34mRunning: XOR | Block=2048 KB | Threads=256 | Blocks=0 | Tasks=1[0m
==================================================
G-CRSPCIE GPU Tensor Zero-Copy Encoding Tests
==================================================
Configuration:
  k (data blocks):        2
  m (parity blocks):      2
  w (Galois field width): 4
  block_size:            2048 KB (2097152 bytes)
  task_num:              1
  threads_per_block:     256
  blocks_per_grid:       auto-calculate

Found 8 CUDA device(s)
Using device: NVIDIA A800-SXM4-80GB


[Test 4] XOR Operation Test
---------------------------
✓ Configuration: k=2, block_size=2048 KB
✓ GPU memory allocated (input=4096 KB, output=2048 KB)
✓ GPU input data prepared (4194304 bytes)
✓ CUDA config: threads_per_block=256, blocks_per_grid=1024
Running XOR operation (10 iterations)...
✓ XOR operation completed successfully
  Average time (10 iterations): 16.184 ms
  Throughput: 247.16 MB/s
  Note: XOR is simpler than EC encoding, should be faster!
  WARNING: XOR result is all zeros (inputs might be identical)

==================================================
Test Summary: 1/1 tests passed
==================================================
[0;34mRunning: EC | Block=2048 KB | Threads=256 | Blocks=0 | Tasks=1[0m
==================================================
G-CRSPCIE GPU Tensor Zero-Copy Encoding Tests
==================================================
Configuration:
  k (data blocks):        2
  m (parity blocks):      1
  w (Galois field width): 4
  block_size:            2048 KB (2097152 bytes)
  task_num:              1
  threads_per_block:     256
  blocks_per_grid:       auto-calculate

Found 8 CUDA device(s)
Using device: NVIDIA A800-SXM4-80GB


[Test 2] GPU Tensor -> GPU Encoding -> GPU Tensor (Zero-Copy Mode)
-------------------------------------------------------------------
✓ Worker initialized: k=2, m=1, w=4, block_size=2048 KB
✓ CUDA config: threads_per_block=256, blocks_per_grid=1024
✓ GPU memory allocated (aligned: input=4096 KB, output=2048 KB)
✓ GPU input data prepared (4194304 bytes)
✓ Zero-copy mode enabled (no H2D/D2H transfers)
Running encoding (zero-copy mode)...
✓ Zero-copy encoding completed successfully
  Encoding time: 0.059 ms
  Throughput: 67796.61 MB/s
  Note: Zero-copy mode eliminates PCIe transfer overhead!

==================================================
Test Summary: 1/1 tests passed
==================================================
[0;34mRunning: XOR | Block=4096 KB | Threads=256 | Blocks=0 | Tasks=1[0m
==================================================
G-CRSPCIE GPU Tensor Zero-Copy Encoding Tests
==================================================
Configuration:
  k (data blocks):        2
  m (parity blocks):      2
  w (Galois field width): 4
  block_size:            4096 KB (4194304 bytes)
  task_num:              1
  threads_per_block:     256
  blocks_per_grid:       auto-calculate

Found 8 CUDA device(s)
Using device: NVIDIA A800-SXM4-80GB


[Test 4] XOR Operation Test
---------------------------
✓ Configuration: k=2, block_size=4096 KB
✓ GPU memory allocated (input=8192 KB, output=4096 KB)
✓ GPU input data prepared (8388608 bytes)
✓ CUDA config: threads_per_block=256, blocks_per_grid=2048
Running XOR operation (10 iterations)...
✓ XOR operation completed successfully
  Average time (10 iterations): 16.224 ms
  Throughput: 493.10 MB/s
  Note: XOR is simpler than EC encoding, should be faster!
  WARNING: XOR result is all zeros (inputs might be identical)

==================================================
Test Summary: 1/1 tests passed
==================================================
[0;34mRunning: EC | Block=4096 KB | Threads=256 | Blocks=0 | Tasks=1[0m
==================================================
G-CRSPCIE GPU Tensor Zero-Copy Encoding Tests
==================================================
Configuration:
  k (data blocks):        2
  m (parity blocks):      1
  w (Galois field width): 4
  block_size:            4096 KB (4194304 bytes)
  task_num:              1
  threads_per_block:     256
  blocks_per_grid:       auto-calculate

Found 8 CUDA device(s)
Using device: NVIDIA A800-SXM4-80GB


[Test 2] GPU Tensor -> GPU Encoding -> GPU Tensor (Zero-Copy Mode)
-------------------------------------------------------------------
✓ Worker initialized: k=2, m=1, w=4, block_size=4096 KB
✓ CUDA config: threads_per_block=256, blocks_per_grid=2048
✓ GPU memory allocated (aligned: input=8192 KB, output=4096 KB)
✓ GPU input data prepared (8388608 bytes)
✓ Zero-copy mode enabled (no H2D/D2H transfers)
Running encoding (zero-copy mode)...
✓ Zero-copy encoding completed successfully
  Encoding time: 0.063 ms
  Throughput: 126984.13 MB/s
  Note: Zero-copy mode eliminates PCIe transfer overhead!

==================================================
Test Summary: 1/1 tests passed
==================================================
[0;34mRunning: XOR | Block=256 KB | Threads=128 | Blocks=0 | Tasks=1[0m
==================================================
G-CRSPCIE GPU Tensor Zero-Copy Encoding Tests
==================================================
Configuration:
  k (data blocks):        2
  m (parity blocks):      2
  w (Galois field width): 4
  block_size:            256 KB (262144 bytes)
  task_num:              1
  threads_per_block:     128
  blocks_per_grid:       auto-calculate

Found 8 CUDA device(s)
Using device: NVIDIA A800-SXM4-80GB


[Test 4] XOR Operation Test
---------------------------
✓ Configuration: k=2, block_size=256 KB
✓ GPU memory allocated (input=512 KB, output=256 KB)
✓ GPU input data prepared (524288 bytes)
✓ CUDA config: threads_per_block=128, blocks_per_grid=256
Running XOR operation (10 iterations)...
✓ XOR operation completed successfully
  Average time (10 iterations): 16.179 ms
  Throughput: 30.90 MB/s
  Note: XOR is simpler than EC encoding, should be faster!
  WARNING: XOR result is all zeros (inputs might be identical)

==================================================
Test Summary: 1/1 tests passed
==================================================
[0;34mRunning: EC | Block=256 KB | Threads=128 | Blocks=0 | Tasks=1[0m
==================================================
G-CRSPCIE GPU Tensor Zero-Copy Encoding Tests
==================================================
Configuration:
  k (data blocks):        2
  m (parity blocks):      1
  w (Galois field width): 4
  block_size:            256 KB (262144 bytes)
  task_num:              1
  threads_per_block:     128
  blocks_per_grid:       auto-calculate

Found 8 CUDA device(s)
Using device: NVIDIA A800-SXM4-80GB


[Test 2] GPU Tensor -> GPU Encoding -> GPU Tensor (Zero-Copy Mode)
-------------------------------------------------------------------
✓ Worker initialized: k=2, m=1, w=4, block_size=256 KB
✓ CUDA config: threads_per_block=128, blocks_per_grid=256
✓ GPU memory allocated (aligned: input=512 KB, output=256 KB)
✓ GPU input data prepared (524288 bytes)
✓ Zero-copy mode enabled (no H2D/D2H transfers)
Running encoding (zero-copy mode)...
✓ Zero-copy encoding completed successfully
  Encoding time: 0.052 ms
  Throughput: 9615.38 MB/s
  Note: Zero-copy mode eliminates PCIe transfer overhead!

==================================================
Test Summary: 1/1 tests passed
==================================================
[0;34mRunning: XOR | Block=512 KB | Threads=256 | Blocks=0 | Tasks=1[0m
==================================================
G-CRSPCIE GPU Tensor Zero-Copy Encoding Tests
==================================================
Configuration:
  k (data blocks):        2
  m (parity blocks):      2
  w (Galois field width): 4
  block_size:            512 KB (524288 bytes)
  task_num:              1
  threads_per_block:     256
  blocks_per_grid:       auto-calculate

Found 8 CUDA device(s)
Using device: NVIDIA A800-SXM4-80GB


[Test 4] XOR Operation Test
---------------------------
✓ Configuration: k=2, block_size=512 KB
✓ GPU memory allocated (input=1024 KB, output=512 KB)
✓ GPU input data prepared (1048576 bytes)
✓ CUDA config: threads_per_block=256, blocks_per_grid=256
Running XOR operation (10 iterations)...
✓ XOR operation completed successfully
  Average time (10 iterations): 16.241 ms
  Throughput: 61.57 MB/s
  Note: XOR is simpler than EC encoding, should be faster!
  WARNING: XOR result is all zeros (inputs might be identical)

==================================================
Test Summary: 1/1 tests passed
==================================================
[0;34mRunning: EC | Block=512 KB | Threads=256 | Blocks=0 | Tasks=1[0m
==================================================
G-CRSPCIE GPU Tensor Zero-Copy Encoding Tests
==================================================
Configuration:
  k (data blocks):        2
  m (parity blocks):      1
  w (Galois field width): 4
  block_size:            512 KB (524288 bytes)
  task_num:              1
  threads_per_block:     256
  blocks_per_grid:       auto-calculate

Found 8 CUDA device(s)
Using device: NVIDIA A800-SXM4-80GB


[Test 2] GPU Tensor -> GPU Encoding -> GPU Tensor (Zero-Copy Mode)
-------------------------------------------------------------------
✓ Worker initialized: k=2, m=1, w=4, block_size=512 KB
✓ CUDA config: threads_per_block=256, blocks_per_grid=256
✓ GPU memory allocated (aligned: input=1024 KB, output=512 KB)
✓ GPU input data prepared (1048576 bytes)
✓ Zero-copy mode enabled (no H2D/D2H transfers)
Running encoding (zero-copy mode)...
✓ Zero-copy encoding completed successfully
  Encoding time: 0.070 ms
  Throughput: 14285.71 MB/s
  Note: Zero-copy mode eliminates PCIe transfer overhead!

==================================================
Test Summary: 1/1 tests passed
==================================================
[0;34mRunning: XOR | Block=1024 KB | Threads=256 | Blocks=0 | Tasks=1[0m
==================================================
G-CRSPCIE GPU Tensor Zero-Copy Encoding Tests
==================================================
Configuration:
  k (data blocks):        2
  m (parity blocks):      2
  w (Galois field width): 4
  block_size:            1024 KB (1048576 bytes)
  task_num:              1
  threads_per_block:     256
  blocks_per_grid:       auto-calculate

Found 8 CUDA device(s)
Using device: NVIDIA A800-SXM4-80GB


[Test 4] XOR Operation Test
---------------------------
✓ Configuration: k=2, block_size=1024 KB
✓ GPU memory allocated (input=2048 KB, output=1024 KB)
✓ GPU input data prepared (2097152 bytes)
✓ CUDA config: threads_per_block=256, blocks_per_grid=512
Running XOR operation (10 iterations)...
✓ XOR operation completed successfully
  Average time (10 iterations): 16.199 ms
  Throughput: 123.47 MB/s
  Note: XOR is simpler than EC encoding, should be faster!
  WARNING: XOR result is all zeros (inputs might be identical)

==================================================
Test Summary: 1/1 tests passed
==================================================
[0;34mRunning: EC | Block=1024 KB | Threads=256 | Blocks=0 | Tasks=1[0m
==================================================
G-CRSPCIE GPU Tensor Zero-Copy Encoding Tests
==================================================
Configuration:
  k (data blocks):        2
  m (parity blocks):      1
  w (Galois field width): 4
  block_size:            1024 KB (1048576 bytes)
  task_num:              1
  threads_per_block:     256
  blocks_per_grid:       auto-calculate

Found 8 CUDA device(s)
Using device: NVIDIA A800-SXM4-80GB


[Test 2] GPU Tensor -> GPU Encoding -> GPU Tensor (Zero-Copy Mode)
-------------------------------------------------------------------
✓ Worker initialized: k=2, m=1, w=4, block_size=1024 KB
✓ CUDA config: threads_per_block=256, blocks_per_grid=512
✓ GPU memory allocated (aligned: input=2048 KB, output=1024 KB)
✓ GPU input data prepared (2097152 bytes)
✓ Zero-copy mode enabled (no H2D/D2H transfers)
Running encoding (zero-copy mode)...
✓ Zero-copy encoding completed successfully
  Encoding time: 0.065 ms
  Throughput: 30769.23 MB/s
  Note: Zero-copy mode eliminates PCIe transfer overhead!

==================================================
Test Summary: 1/1 tests passed
==================================================
