Debug: input data_blocks shape (4, 1024), dtype uint8
Debug: is_gpu False, original_dtype uint8
Worker initialized: <__main__.LP_c_void_p object at 0x7f9283c7a7c0>
Running encoding...
Encoding completed
Debug: coding_blocks shape (2, 1024), dtype int8
Debug: coding_blocks min -128, max 127
Debug: first few values [ -27 -103  -46  -43  112   74  123 -115   44  115]
Deallocating worker...
Worker deallocated
CPU: Data shape (4, 1024), Coding shape (2, 1024)
Debug: input data_blocks shape torch.Size([4, 1024]), dtype torch.uint8
Debug: is_gpu True, original_dtype torch.uint8
Worker initialized: <__main__.LP_c_void_p object at 0x7f90356bd9c0>
Running encoding...
Encoding completed
Debug: coding_blocks shape (2, 1024), dtype int8
Debug: coding_blocks min -128, max 127
Debug: first few values [  23 -112   93  -61 -100   88  -73 -116  -83  -11]
Debug: Converting to torch tensor with dtype torch.uint8
Debug: uint8 conversion successful, shape (2, 1024)
Debug: tensor created directly on CUDA, shape torch.Size([2, 1024]), dtype torch.uint8
Deallocating worker...
Worker deallocated
GPU: Data shape torch.Size([4, 1024]), Coding shape torch.Size([2, 1024]), on cuda:0
